#
# There is insufficient memory for the Java Runtime Environment to continue.
# Native memory allocation (malloc) failed to allocate 1346416 bytes. Error detail: Chunk::new
# Possible reasons:
#   The system is out of physical RAM or swap space
#   This process is running with CompressedOops enabled, and the Java Heap may be blocking the growth of the native heap
# Possible solutions:
#   Reduce memory load on the system
#   Increase physical memory or swap space
#   Check if swap backing store is full
#   Decrease Java heap size (-Xmx/-Xms)
#   Decrease number of Java threads
#   Decrease Java thread stack sizes (-Xss)
#   Set larger code cache with -XX:ReservedCodeCacheSize=
#   JVM is running with Unscaled Compressed Oops mode in which the Java heap is
#     placed in the first 4GB address space. The Java Heap base address is the
#     maximum limit for the native heap growth. Please use -XX:HeapBaseMinAddress
#     to set the Java Heap base and to place the Java Heap above 4GB virtual address.
# This output file may be truncated or incomplete.
#
#  Out of Memory Error (arena.cpp:168), pid=22892, tid=26900
#
# JRE version: OpenJDK Runtime Environment Temurin-21.0.10+7 (21.0.10+7) (build 21.0.10+7-LTS)
# Java VM: OpenJDK 64-Bit Server VM Temurin-21.0.10+7 (21.0.10+7-LTS, mixed mode, sharing, tiered, compressed oops, compressed class ptrs, parallel gc, windows-amd64)
# No core dump will be written. Minidumps are not enabled by default on client versions of Windows
#

---------------  S U M M A R Y ------------

Command Line: --add-modules=ALL-SYSTEM --add-opens=java.base/java.util=ALL-UNNAMED --add-opens=java.base/java.lang=ALL-UNNAMED --add-opens=java.base/sun.nio.fs=ALL-UNNAMED -Declipse.application=org.eclipse.jdt.ls.core.id1 -Dosgi.bundles.defaultStartLevel=4 -Declipse.product=org.eclipse.jdt.ls.core.product -Djava.import.generatesMetadataFilesAtProjectRoot=false -DDetectVMInstallationsJob.disabled=true -Dfile.encoding=utf8 -XX:+UseParallelGC -XX:GCTimeRatio=4 -XX:AdaptiveSizePolicyWeight=90 -Dsun.zip.disableMemoryMapping=true -Xmx2G -Xms100m -Xlog:disable -javaagent:c:\Users\omera\.vscode-insiders\extensions\redhat.java-1.53.0-win32-x64\lombok\lombok-1.18.39-4050.jar -XX:+HeapDumpOnOutOfMemoryError -XX:HeapDumpPath=c:\Users\omera\AppData\Roaming\Code - Insiders\User\workspaceStorage\287269be63850c600b03aaed9f2c589c\redhat.java -Daether.dependencyCollector.impl=bf -Djdt.core.sharedIndexLocation=C:\Users\omera\AppData\Roaming\.jdt\index -XX:+UnlockDiagnosticVMOptions -XX:+AllowArchivingWithJavaAgent -XX:+AutoCreateSharedArchive -XX:SharedArchiveFile=c:\Users\omera\AppData\Roaming\Code - Insiders\User\globalStorage\redhat.java\1.53.0\jdtls.jsa c:\Users\omera\.vscode-insiders\extensions\redhat.java-1.53.0-win32-x64\server\plugins\org.eclipse.equinox.launcher_1.7.100.v20251111-0406.jar -configuration c:\Users\omera\AppData\Roaming\Code - Insiders\User\globalStorage\redhat.java\1.53.0\config_win -data c:\Users\omera\AppData\Roaming\Code - Insiders\User\workspaceStorage\287269be63850c600b03aaed9f2c589c\redhat.java\jdt_ws --pipe=\\.\pipe\lsp-2019c30338a54f9a3a374d888e6deb73-sock

Host: AMD Ryzen 5 5600H with Radeon Graphics         , 12 cores, 15G,  Windows 11 , 64 bit Build 22621 (10.0.22621.5415)
Time: Mon Mar 23 16:13:15 2026 Türkiye Standart Saati elapsed time: 22.251000 seconds (0d 0h 0m 22s)

---------------  T H R E A D  ---------------

Current thread (0x0000028975856520):  JavaThread "C2 CompilerThread1" daemon [_thread_in_native, id=26900, stack(0x000000d449b00000,0x000000d449c00000) (1024K)]


Current CompileTask:
C2:22251 8684       4       java.lang.invoke.MethodType::methodType (69 bytes)

Stack: [0x000000d449b00000,0x000000d449c00000]
Native frames: (J=compiled Java code, j=interpreted, Vv=VM code, C=native code)
V  [jvm.dll+0x6d7a39]
V  [jvm.dll+0x8b4b26]
V  [jvm.dll+0x8b70de]
V  [jvm.dll+0x8b77c3]
V  [jvm.dll+0x284346]
V  [jvm.dll+0xc66ed]
V  [jvm.dll+0xc6c31]
V  [jvm.dll+0x3bec3b]
V  [jvm.dll+0x1e3f69]
V  [jvm.dll+0x24c6b3]
V  [jvm.dll+0x24bb40]
V  [jvm.dll+0x1cb34e]
V  [jvm.dll+0x25b85d]
V  [jvm.dll+0x259dea]
V  [jvm.dll+0x3f857e]
V  [jvm.dll+0x85f59d]
V  [jvm.dll+0x6d626d]
C  [ucrtbase.dll+0x29333]
C  [KERNEL32.DLL+0x1259d]
C  [ntdll.dll+0x5af78]


---------------  P R O C E S S  ---------------

Threads class SMR info:
_java_thread_list=0x000002896b8a6e90, length=75, elements={
0x0000028908a28db0, 0x0000028921c38dc0, 0x0000028921c3ada0, 0x0000028921c3ddc0,
0x000002890b234190, 0x000002890b235b30, 0x000002890b23eb10, 0x000002890b248e20,
0x000002890b24a980, 0x0000028963c53060, 0x0000028963d5ea70, 0x0000028969740ff0,
0x00000289699505d0, 0x0000028969352300, 0x0000028969117f90, 0x00000289699f6710,
0x00000289695ea790, 0x0000028969544200, 0x0000028969e90d80, 0x0000028969e927c0,
0x0000028969e92130, 0x0000028969e91410, 0x0000028969e90060, 0x0000028969e8f9d0,
0x0000028969e906f0, 0x000002896b7f48f0, 0x000002896b7f00c0, 0x000002896b7f2190,
0x000002896b7f0de0, 0x000002896b7f1470, 0x000002896b7f2eb0, 0x000002896b7f4f80,
0x000002896b7f2820, 0x000002896b7edff0, 0x000002896b7f0750, 0x000002896b7f3540,
0x000002896b7f3bd0, 0x000002896b7eed10, 0x000002896b7f1b00, 0x000002896b7f4260,
0x000002896b7f5610, 0x000002896b7ee680, 0x000002896b7ef3a0, 0x000002896b7efa30,
0x000002896b628e90, 0x000002896b629520, 0x000002896b62d6c0, 0x000002896b62dd50,
0x000002896b628170, 0x000002896b62bc80, 0x000002896b627ae0, 0x000002896b62a8d0,
0x000002896b62f100, 0x000002896b62af60, 0x000002896b62c310, 0x000002896b62b5f0,
0x000002896b62d030, 0x000002896b628800, 0x000002896b62a240, 0x0000028969e91aa0,
0x0000028975678660, 0x0000028975679a10, 0x0000028975678cf0, 0x0000028975679380,
0x0000028975676590, 0x0000028975674b50, 0x000002897567a0a0, 0x0000028975673110,
0x0000028975856520, 0x0000028975677fd0, 0x000002897567a730, 0x00000289756737a0,
0x00000289756744c0, 0x0000028975676c20, 0x0000028975675870
}

Java Threads: ( => current thread )
  0x0000028908a28db0 JavaThread "main"                              [_thread_blocked, id=54732, stack(0x000000d444800000,0x000000d444900000) (1024K)]
  0x0000028921c38dc0 JavaThread "Reference Handler"          daemon [_thread_blocked, id=36740, stack(0x000000d444c00000,0x000000d444d00000) (1024K)]
  0x0000028921c3ada0 JavaThread "Finalizer"                  daemon [_thread_blocked, id=36332, stack(0x000000d444d00000,0x000000d444e00000) (1024K)]
  0x0000028921c3ddc0 JavaThread "Signal Dispatcher"          daemon [_thread_blocked, id=15500, stack(0x000000d444e00000,0x000000d444f00000) (1024K)]
  0x000002890b234190 JavaThread "Attach Listener"            daemon [_thread_blocked, id=53196, stack(0x000000d444f00000,0x000000d445000000) (1024K)]
  0x000002890b235b30 JavaThread "Service Thread"             daemon [_thread_blocked, id=5320, stack(0x000000d445000000,0x000000d445100000) (1024K)]
  0x000002890b23eb10 JavaThread "Monitor Deflation Thread"   daemon [_thread_blocked, id=9664, stack(0x000000d445100000,0x000000d445200000) (1024K)]
  0x000002890b248e20 JavaThread "C2 CompilerThread0"         daemon [_thread_in_native, id=50484, stack(0x000000d445200000,0x000000d445300000) (1024K)]
  0x000002890b24a980 JavaThread "C1 CompilerThread0"         daemon [_thread_blocked, id=31332, stack(0x000000d445300000,0x000000d445400000) (1024K)]
  0x0000028963c53060 JavaThread "Common-Cleaner"             daemon [_thread_blocked, id=25940, stack(0x000000d445400000,0x000000d445500000) (1024K)]
  0x0000028963d5ea70 JavaThread "Notification Thread"        daemon [_thread_blocked, id=1052, stack(0x000000d445500000,0x000000d445600000) (1024K)]
  0x0000028969740ff0 JavaThread "Active Thread: Equinox Container: 7a94d6fc-fdf0-4e74-aa0f-ab65a6e0f332"        [_thread_blocked, id=22692, stack(0x000000d445d00000,0x000000d445e00000) (1024K)]
  0x00000289699505d0 JavaThread "Refresh Thread: Equinox Container: 7a94d6fc-fdf0-4e74-aa0f-ab65a6e0f332" daemon [_thread_blocked, id=16800, stack(0x000000d445e00000,0x000000d445f00000) (1024K)]
  0x0000028969352300 JavaThread "Framework Event Dispatcher: Equinox Container: 7a94d6fc-fdf0-4e74-aa0f-ab65a6e0f332" daemon [_thread_blocked, id=33572, stack(0x000000d445f00000,0x000000d446000000) (1024K)]
  0x0000028969117f90 JavaThread "Start Level: Equinox Container: 7a94d6fc-fdf0-4e74-aa0f-ab65a6e0f332" daemon [_thread_blocked, id=37548, stack(0x000000d446000000,0x000000d446100000) (1024K)]
  0x00000289699f6710 JavaThread "Bundle File Closer"         daemon [_thread_blocked, id=28760, stack(0x000000d446300000,0x000000d446400000) (1024K)]
  0x00000289695ea790 JavaThread "SCR Component Actor"        daemon [_thread_blocked, id=28520, stack(0x000000d446400000,0x000000d446500000) (1024K)]
  0x0000028969544200 JavaThread "Worker-JM"                         [_thread_blocked, id=46272, stack(0x000000d446600000,0x000000d446700000) (1024K)]
  0x0000028969e90d80 JavaThread "JNA Cleaner"                daemon [_thread_blocked, id=11044, stack(0x000000d446500000,0x000000d446600000) (1024K)]
  0x0000028969e927c0 JavaThread "Worker-0"                          [_thread_blocked, id=53964, stack(0x000000d446700000,0x000000d446800000) (1024K)]
  0x0000028969e92130 JavaThread "Worker-1"                          [_thread_blocked, id=48084, stack(0x000000d446800000,0x000000d446900000) (1024K)]
  0x0000028969e91410 JavaThread "Worker-2"                          [_thread_blocked, id=51488, stack(0x000000d446900000,0x000000d446a00000) (1024K)]
  0x0000028969e90060 JavaThread "Java indexing"              daemon [_thread_blocked, id=4032, stack(0x000000d446a00000,0x000000d446b00000) (1024K)]
  0x0000028969e8f9d0 JavaThread "Worker-3"                          [_thread_blocked, id=5212, stack(0x000000d446d00000,0x000000d446e00000) (1024K)]
  0x0000028969e906f0 JavaThread "Worker-4"                          [_thread_blocked, id=15108, stack(0x000000d446e00000,0x000000d446f00000) (1024K)]
  0x000002896b7f48f0 JavaThread "Thread-1"                   daemon [_thread_in_native, id=35420, stack(0x000000d446f00000,0x000000d447000000) (1024K)]
  0x000002896b7f00c0 JavaThread "Thread-2"                   daemon [_thread_in_native, id=6984, stack(0x000000d447000000,0x000000d447100000) (1024K)]
  0x000002896b7f2190 JavaThread "Thread-3"                   daemon [_thread_in_native, id=36068, stack(0x000000d447100000,0x000000d447200000) (1024K)]
  0x000002896b7f0de0 JavaThread "Thread-4"                   daemon [_thread_in_native, id=28192, stack(0x000000d447200000,0x000000d447300000) (1024K)]
  0x000002896b7f1470 JavaThread "Thread-5"                   daemon [_thread_in_native, id=48360, stack(0x000000d447300000,0x000000d447400000) (1024K)]
  0x000002896b7f2eb0 JavaThread "Thread-6"                   daemon [_thread_in_native, id=20488, stack(0x000000d447400000,0x000000d447500000) (1024K)]
  0x000002896b7f4f80 JavaThread "Thread-7"                   daemon [_thread_in_native, id=23600, stack(0x000000d447500000,0x000000d447600000) (1024K)]
  0x000002896b7f2820 JavaThread "Thread-8"                   daemon [_thread_in_native, id=34332, stack(0x000000d447600000,0x000000d447700000) (1024K)]
  0x000002896b7edff0 JavaThread "Thread-9"                   daemon [_thread_in_native, id=28124, stack(0x000000d447700000,0x000000d447800000) (1024K)]
  0x000002896b7f0750 JavaThread "Thread-10"                  daemon [_thread_in_native, id=9628, stack(0x000000d447800000,0x000000d447900000) (1024K)]
  0x000002896b7f3540 JavaThread "Thread-11"                  daemon [_thread_in_native, id=50912, stack(0x000000d447900000,0x000000d447a00000) (1024K)]
  0x000002896b7f3bd0 JavaThread "Thread-12"                  daemon [_thread_in_native, id=41216, stack(0x000000d447a00000,0x000000d447b00000) (1024K)]
  0x000002896b7eed10 JavaThread "Thread-13"                  daemon [_thread_in_native, id=28160, stack(0x000000d447b00000,0x000000d447c00000) (1024K)]
  0x000002896b7f1b00 JavaThread "pool-2-thread-1"                   [_thread_blocked, id=37876, stack(0x000000d447c00000,0x000000d447d00000) (1024K)]
  0x000002896b7f4260 JavaThread "Timer-0"                           [_thread_blocked, id=48916, stack(0x000000d447d00000,0x000000d447e00000) (1024K)]
  0x000002896b7f5610 JavaThread "Worker-5"                          [_thread_blocked, id=39664, stack(0x000000d447e00000,0x000000d447f00000) (1024K)]
  0x000002896b7ee680 JavaThread "Timer-1"                           [_thread_blocked, id=41840, stack(0x000000d447f00000,0x000000d448000000) (1024K)]
  0x000002896b7ef3a0 JavaThread "WorkspaceEventsHandler"            [_thread_blocked, id=48576, stack(0x000000d448000000,0x000000d448100000) (1024K)]
  0x000002896b7efa30 JavaThread "pool-1-thread-1"                   [_thread_blocked, id=15148, stack(0x000000d448100000,0x000000d448200000) (1024K)]
  0x000002896b628e90 JavaThread "LocalFile Deleter"          daemon [_thread_blocked, id=13376, stack(0x000000d448300000,0x000000d448400000) (1024K)]
  0x000002896b629520 JavaThread "LocalFile Deleter"          daemon [_thread_blocked, id=38292, stack(0x000000d448400000,0x000000d448500000) (1024K)]
  0x000002896b62d6c0 JavaThread "LocalFile Deleter"          daemon [_thread_blocked, id=46900, stack(0x000000d448500000,0x000000d448600000) (1024K)]
  0x000002896b62dd50 JavaThread "LocalFile Deleter"          daemon [_thread_blocked, id=40024, stack(0x000000d448600000,0x000000d448700000) (1024K)]
  0x000002896b628170 JavaThread "LocalFile Deleter"          daemon [_thread_blocked, id=16000, stack(0x000000d448700000,0x000000d448800000) (1024K)]
  0x000002896b62bc80 JavaThread "LocalFile Deleter"          daemon [_thread_blocked, id=15196, stack(0x000000d448800000,0x000000d448900000) (1024K)]
  0x000002896b627ae0 JavaThread "LocalFile Deleter"          daemon [_thread_blocked, id=28312, stack(0x000000d448900000,0x000000d448a00000) (1024K)]
  0x000002896b62a8d0 JavaThread "Compiler Source File Reader" daemon [_thread_blocked, id=28424, stack(0x000000d448a00000,0x000000d448b00000) (1024K)]
  0x000002896b62f100 JavaThread "Compiler Source File Reader" daemon [_thread_blocked, id=51184, stack(0x000000d448b00000,0x000000d448c00000) (1024K)]
  0x000002896b62af60 JavaThread "Compiler Source File Reader" daemon [_thread_blocked, id=47200, stack(0x000000d448c00000,0x000000d448d00000) (1024K)]
  0x000002896b62c310 JavaThread "Worker-6"                          [_thread_blocked, id=24320, stack(0x000000d448d00000,0x000000d448e00000) (1024K)]
  0x000002896b62b5f0 JavaThread "Compiler Processing Task"   daemon [_thread_blocked, id=54064, stack(0x000000d448e00000,0x000000d448f00000) (1024K)]
  0x000002896b62d030 JavaThread "Compiler Class File Writer" daemon [_thread_blocked, id=50944, stack(0x000000d448f00000,0x000000d449000000) (1024K)]
  0x000002896b628800 JavaThread "Compiler Class File Writer" daemon [_thread_blocked, id=47792, stack(0x000000d449000000,0x000000d449100000) (1024K)]
  0x000002896b62a240 JavaThread "Compiler Class File Writer" daemon [_thread_blocked, id=39456, stack(0x000000d449100000,0x000000d449200000) (1024K)]
  0x0000028969e91aa0 JavaThread "Exec process"                      [_thread_blocked, id=38544, stack(0x000000d449200000,0x000000d449300000) (1024K)]
  0x0000028975678660 JavaThread "Exec process Thread 2"             [_thread_blocked, id=46288, stack(0x000000d449300000,0x000000d449400000) (1024K)]
  0x0000028975679a10 JavaThread "Exec process Thread 3"             [_thread_blocked, id=30668, stack(0x000000d449400000,0x000000d449500000) (1024K)]
  0x0000028975678cf0 JavaThread "Timer-2"                           [_thread_blocked, id=47204, stack(0x000000d448200000,0x000000d448300000) (1024K)]
  0x0000028975679380 JavaThread "Timer-3"                           [_thread_blocked, id=32452, stack(0x000000d449500000,0x000000d449600000) (1024K)]
  0x0000028975676590 JavaThread "Timer-4"                           [_thread_blocked, id=22676, stack(0x000000d449600000,0x000000d449700000) (1024K)]
  0x0000028975674b50 JavaThread "Timer-5"                           [_thread_blocked, id=20560, stack(0x000000d449700000,0x000000d449800000) (1024K)]
  0x000002897567a0a0 JavaThread "Timer-6"                           [_thread_blocked, id=3724, stack(0x000000d449800000,0x000000d449900000) (1024K)]
  0x0000028975673110 JavaThread "Timer-7"                           [_thread_blocked, id=54144, stack(0x000000d449900000,0x000000d449a00000) (1024K)]
=>0x0000028975856520 JavaThread "C2 CompilerThread1"         daemon [_thread_in_native, id=26900, stack(0x000000d449b00000,0x000000d449c00000) (1024K)]
  0x0000028975677fd0 JavaThread "Timer-8"                           [_thread_blocked, id=28656, stack(0x000000d449a00000,0x000000d449b00000) (1024K)]
  0x000002897567a730 JavaThread "Timer-9"                           [_thread_blocked, id=21268, stack(0x000000d449c00000,0x000000d449d00000) (1024K)]
  0x00000289756737a0 JavaThread "ForkJoinPool.commonPool-worker-1" daemon [_thread_blocked, id=24888, stack(0x000000d449d00000,0x000000d449e00000) (1024K)]
  0x00000289756744c0 JavaThread "ForkJoinPool.commonPool-worker-2" daemon [_thread_blocked, id=53168, stack(0x000000d449e00000,0x000000d449f00000) (1024K)]
  0x0000028975676c20 JavaThread "Timer-10"                          [_thread_blocked, id=37220, stack(0x000000d449f00000,0x000000d44a000000) (1024K)]
  0x0000028975675870 JavaThread "Timer-11"                          [_thread_blocked, id=47520, stack(0x000000d44a100000,0x000000d44a200000) (1024K)]
Total: 75

Other Threads:
  0x0000028921c237e0 VMThread "VM Thread"                           [id=49216, stack(0x000000d444b00000,0x000000d444c00000) (1024K)]
  0x000002890b1fe8c0 WatcherThread "VM Periodic Task Thread"        [id=53052, stack(0x000000d444a00000,0x000000d444b00000) (1024K)]
  0x000002890b1edad0 WorkerThread "GC Thread#0"                     [id=33132, stack(0x000000d444900000,0x000000d444a00000) (1024K)]
  0x0000028969191430 WorkerThread "GC Thread#1"                     [id=5252, stack(0x000000d445700000,0x000000d445800000) (1024K)]
  0x0000028963d8b920 WorkerThread "GC Thread#2"                     [id=25280, stack(0x000000d445800000,0x000000d445900000) (1024K)]
  0x000002896952bc40 WorkerThread "GC Thread#3"                     [id=18040, stack(0x000000d445900000,0x000000d445a00000) (1024K)]
  0x000002896914c670 WorkerThread "GC Thread#4"                     [id=36452, stack(0x000000d445a00000,0x000000d445b00000) (1024K)]
  0x000002896914ca20 WorkerThread "GC Thread#5"                     [id=31728, stack(0x000000d445b00000,0x000000d445c00000) (1024K)]
  0x00000289692fc8b0 WorkerThread "GC Thread#6"                     [id=54868, stack(0x000000d445c00000,0x000000d445d00000) (1024K)]
  0x0000028969ad8dc0 WorkerThread "GC Thread#7"                     [id=26252, stack(0x000000d445600000,0x000000d445700000) (1024K)]
  0x0000028969ac5630 WorkerThread "GC Thread#8"                     [id=19868, stack(0x000000d446100000,0x000000d446200000) (1024K)]
  0x0000028963b1dbe0 WorkerThread "GC Thread#9"                     [id=3584, stack(0x000000d446200000,0x000000d446300000) (1024K)]
Total: 12

Threads with active compile tasks:
C2 CompilerThread0  22290 8750 % !   4       java.util.jar.Attributes::read @ 214 (494 bytes)
C2 CompilerThread1  22290 8684       4       java.lang.invoke.MethodType::methodType (69 bytes)
Total: 2

VM state: not at safepoint (normal execution)

VM Mutex/Monitor currently owned by a thread: None

Heap address: 0x0000000080000000, size: 2048 MB, Compressed Oops mode: 32-bit

CDS archive(s) mapped at: [0x0000028922000000-0x0000028922ba0000-0x0000028922ba0000), size 12189696, SharedBaseAddress: 0x0000028922000000, ArchiveRelocationMode: 1.
Compressed class space mapped at: 0x0000028923000000-0x0000028963000000, reserved size: 1073741824
Narrow klass base: 0x0000028922000000, Narrow klass shift: 0, Narrow klass range: 0x100000000

GC Precious Log:
 CardTable entry size: 512
 CPUs: 12 total, 12 available
 Memory: 15711M
 Large Page Support: Disabled
 NUMA Support: Disabled
 Compressed Oops: Enabled (32-bit)
 Alignments: Space 512K, Generation 512K, Heap 2M
 Heap Min Capacity: 100M
 Heap Initial Capacity: 100M
 Heap Max Capacity: 2G
 Pre-touch: Disabled
 Parallel Workers: 10

Heap:
 PSYoungGen      total 19456K, used 13775K [0x00000000d5580000, 0x00000000d7a00000, 0x0000000100000000)
  eden space 18944K, 70% used [0x00000000d5580000,0x00000000d6275d48,0x00000000d6800000)
  from space 512K, 98% used [0x00000000d6800000,0x00000000d687e1a8,0x00000000d6880000)
  to   space 9216K, 0% used [0x00000000d7100000,0x00000000d7100000,0x00000000d7a00000)
 ParOldGen       total 68608K, used 64235K [0x0000000080000000, 0x0000000084300000, 0x00000000d5580000)
  object space 68608K, 93% used [0x0000000080000000,0x0000000083ebaff0,0x0000000084300000)
 Metaspace       used 79861K, committed 81344K, reserved 1179648K
  class space    used 8941K, committed 9600K, reserved 1048576K

Card table byte_map: [0x000002890ab30000,0x000002890af40000] _byte_map_base: 0x000002890a730000

Marking Bits: (ParMarkBitMap*) 0x00007ffeb9183450
 Begin Bits: [0x000002891d640000, 0x000002891f640000)
 End Bits:   [0x000002891f640000, 0x0000028921640000)

Polling page: 0x0000028908d00000

Metaspace:

Usage:
  Non-class:     69.26 MB used.
      Class:      8.73 MB used.
       Both:     77.99 MB used.

Virtual space:
  Non-class space:      128.00 MB reserved,      70.06 MB ( 55%) committed,  2 nodes.
      Class space:        1.00 GB reserved,       9.38 MB ( <1%) committed,  1 nodes.
             Both:        1.12 GB reserved,      79.44 MB (  7%) committed. 

Chunk freelists:
   Non-Class:  9.86 MB
       Class:  6.50 MB
        Both:  16.36 MB

MaxMetaspaceSize: unlimited
CompressedClassSpaceSize: 1.00 GB
Initial GC threshold: 21.00 MB
Current GC threshold: 97.31 MB
CDS: on
 - commit_granule_bytes: 65536.
 - commit_granule_words: 8192.
 - virtual_space_node_default_size: 8388608.
 - enlarge_chunks_in_place: 1.
 - use_allocation_guard: 0.


Internal statistics:

num_allocs_failed_limit: 11.
num_arena_births: 1132.
num_arena_deaths: 14.
num_vsnodes_births: 3.
num_vsnodes_deaths: 0.
num_space_committed: 1271.
num_space_uncommitted: 0.
num_chunks_returned_to_freelist: 25.
num_chunks_taken_from_freelist: 4889.
num_chunk_merges: 17.
num_chunk_splits: 3026.
num_chunks_enlarged: 1630.
num_inconsistent_stats: 0.

CodeHeap 'non-profiled nmethods': size=120000Kb used=4470Kb max_used=4470Kb free=115530Kb
 bounds [0x0000028915e60000, 0x00000289162c0000, 0x000002891d390000]
CodeHeap 'profiled nmethods': size=120000Kb used=16070Kb max_used=16070Kb free=103929Kb
 bounds [0x000002890e390000, 0x000002890f350000, 0x00000289158c0000]
CodeHeap 'non-nmethods': size=5760Kb used=1425Kb max_used=1478Kb free=4334Kb
 bounds [0x00000289158c0000, 0x0000028915b30000, 0x0000028915e60000]
CodeCache: size=245760Kb, used=21965Kb, max_used=22018Kb, free=223793Kb
 total_blobs=8729, nmethods=7989, adapters=646, full_count=0
Compilation: enabled, stopped_count=0, restarted_count=0

Compilation events (20 events):
Event: 22.054 Thread 0x000002890b24a980 8741       3       org.gradle.internal.serialize.DefaultSerializerRegistry$1::compare (13 bytes)
Event: 22.055 Thread 0x000002890b24a980 nmethod 8741 0x000002890f31f890 code [0x000002890f31faa0, 0x000002890f320018]
Event: 22.055 Thread 0x000002890b24a980 8742       3       org.gradle.internal.serialize.DefaultSerializerRegistry$1::compare (12 bytes)
Event: 22.055 Thread 0x000002890b24a980 nmethod 8742 0x000002890f320210 code [0x000002890f320400, 0x000002890f320720]
Event: 22.055 Thread 0x000002890b24a980 8743       3       org.gradle.tooling.internal.adapter.MethodInvocation::isIsOrGet (52 bytes)
Event: 22.055 Thread 0x000002890b24a980 nmethod 8743 0x000002890f320910 code [0x000002890f320b20, 0x000002890f321078]
Event: 22.055 Thread 0x000002890b24a980 8740       3       org.gradle.internal.service.DefaultServiceRegistry::assertValidServiceType (51 bytes)
Event: 22.056 Thread 0x000002890b24a980 nmethod 8740 0x000002890f321310 code [0x000002890f321520, 0x000002890f321a78]
Event: 22.072 Thread 0x000002890b24a980 8744       3       java.io.DataOutputStream::incCount (20 bytes)
Event: 22.072 Thread 0x000002890b24a980 nmethod 8744 0x000002890f321c90 code [0x000002890f321e20, 0x000002890f321f68]
Event: 22.072 Thread 0x000002890b24a980 8745       3       java.io.DataOutputStream::writeUTF (389 bytes)
Event: 22.074 Thread 0x000002890b24a980 nmethod 8745 0x000002890f322010 code [0x000002890f322420, 0x000002890f3246d8]
Event: 22.074 Thread 0x000002890b24a980 8746       3       java.io.BufferedOutputStream::growIfNeeded (59 bytes)
Event: 22.075 Thread 0x000002890b24a980 nmethod 8746 0x000002890f325410 code [0x000002890f3255c0, 0x000002890f325868]
Event: 22.078 Thread 0x000002890b24a980 8749       3       java.net.URLStreamHandler::parseURL (1124 bytes)
Event: 22.096 Thread 0x000002890b24a980 nmethod 8749 0x000002890f325990 code [0x000002890f326d20, 0x000002890f332f58]
Event: 22.138 Thread 0x000002890b24a980 8754       2       java.security.AccessControlContext::combine (205 bytes)
Event: 22.139 Thread 0x000002890b24a980 nmethod 8754 0x000002890f337c90 code [0x000002890f337ea0, 0x000002890f338570]
Event: 22.225 Thread 0x000002890b248e20 nmethod 8675 0x00000289162ae110 code [0x00000289162aed00, 0x00000289162b7958]
Event: 22.225 Thread 0x000002890b248e20 8750 % !   4       java.util.jar.Attributes::read @ 214 (494 bytes)

GC Heap History (20 events):
Event: 20.369 GC heap before
{Heap before GC invocations=55 (full 3):
 PSYoungGen      total 19456K, used 19232K [0x00000000d5580000, 0x00000000d6a00000, 0x0000000100000000)
  eden space 18944K, 100% used [0x00000000d5580000,0x00000000d6800000,0x00000000d6800000)
  from space 512K, 56% used [0x00000000d6900000,0x00000000d6948000,0x00000000d6980000)
  to   space 512K, 0% used [0x00000000d6980000,0x00000000d6980000,0x00000000d6a00000)
 ParOldGen       total 68608K, used 55734K [0x0000000080000000, 0x0000000084300000, 0x00000000d5580000)
  object space 68608K, 81% used [0x0000000080000000,0x000000008366dbe8,0x0000000084300000)
 Metaspace       used 77088K, committed 78400K, reserved 1179648K
  class space    used 8610K, committed 9216K, reserved 1048576K
}
Event: 20.370 GC heap after
{Heap after GC invocations=55 (full 3):
 PSYoungGen      total 19456K, used 492K [0x00000000d5580000, 0x00000000d6b00000, 0x0000000100000000)
  eden space 18944K, 0% used [0x00000000d5580000,0x00000000d5580000,0x00000000d6800000)
  from space 512K, 96% used [0x00000000d6980000,0x00000000d69fb170,0x00000000d6a00000)
  to   space 1536K, 0% used [0x00000000d6800000,0x00000000d6800000,0x00000000d6980000)
 ParOldGen       total 68608K, used 56359K [0x0000000080000000, 0x0000000084300000, 0x00000000d5580000)
  object space 68608K, 82% used [0x0000000080000000,0x0000000083709e90,0x0000000084300000)
 Metaspace       used 77088K, committed 78400K, reserved 1179648K
  class space    used 8610K, committed 9216K, reserved 1048576K
}
Event: 20.468 GC heap before
{Heap before GC invocations=56 (full 3):
 PSYoungGen      total 19456K, used 19436K [0x00000000d5580000, 0x00000000d6b00000, 0x0000000100000000)
  eden space 18944K, 100% used [0x00000000d5580000,0x00000000d6800000,0x00000000d6800000)
  from space 512K, 96% used [0x00000000d6980000,0x00000000d69fb170,0x00000000d6a00000)
  to   space 1536K, 0% used [0x00000000d6800000,0x00000000d6800000,0x00000000d6980000)
 ParOldGen       total 68608K, used 56359K [0x0000000080000000, 0x0000000084300000, 0x00000000d5580000)
  object space 68608K, 82% used [0x0000000080000000,0x0000000083709e90,0x0000000084300000)
 Metaspace       used 77088K, committed 78400K, reserved 1179648K
  class space    used 8610K, committed 9216K, reserved 1048576K
}
Event: 20.469 GC heap after
{Heap after GC invocations=56 (full 3):
 PSYoungGen      total 20480K, used 1388K [0x00000000d5580000, 0x00000000d6b00000, 0x0000000100000000)
  eden space 18944K, 0% used [0x00000000d5580000,0x00000000d5580000,0x00000000d6800000)
  from space 1536K, 90% used [0x00000000d6800000,0x00000000d695b2d8,0x00000000d6980000)
  to   space 1536K, 0% used [0x00000000d6980000,0x00000000d6980000,0x00000000d6b00000)
 ParOldGen       total 68608K, used 56407K [0x0000000080000000, 0x0000000084300000, 0x00000000d5580000)
  object space 68608K, 82% used [0x0000000080000000,0x0000000083715e90,0x0000000084300000)
 Metaspace       used 77088K, committed 78400K, reserved 1179648K
  class space    used 8610K, committed 9216K, reserved 1048576K
}
Event: 20.572 GC heap before
{Heap before GC invocations=57 (full 3):
 PSYoungGen      total 20480K, used 20332K [0x00000000d5580000, 0x00000000d6b00000, 0x0000000100000000)
  eden space 18944K, 100% used [0x00000000d5580000,0x00000000d6800000,0x00000000d6800000)
  from space 1536K, 90% used [0x00000000d6800000,0x00000000d695b2d8,0x00000000d6980000)
  to   space 1536K, 0% used [0x00000000d6980000,0x00000000d6980000,0x00000000d6b00000)
 ParOldGen       total 68608K, used 56407K [0x0000000080000000, 0x0000000084300000, 0x00000000d5580000)
  object space 68608K, 82% used [0x0000000080000000,0x0000000083715e90,0x0000000084300000)
 Metaspace       used 77088K, committed 78400K, reserved 1179648K
  class space    used 8610K, committed 9216K, reserved 1048576K
}
Event: 20.572 GC heap after
{Heap after GC invocations=57 (full 3):
 PSYoungGen      total 20480K, used 887K [0x00000000d5580000, 0x00000000d6b00000, 0x0000000100000000)
  eden space 18944K, 0% used [0x00000000d5580000,0x00000000d5580000,0x00000000d6800000)
  from space 1536K, 57% used [0x00000000d6980000,0x00000000d6a5dcf8,0x00000000d6b00000)
  to   space 1536K, 0% used [0x00000000d6800000,0x00000000d6800000,0x00000000d6980000)
 ParOldGen       total 68608K, used 56495K [0x0000000080000000, 0x0000000084300000, 0x00000000d5580000)
  object space 68608K, 82% used [0x0000000080000000,0x000000008372be90,0x0000000084300000)
 Metaspace       used 77088K, committed 78400K, reserved 1179648K
  class space    used 8610K, committed 9216K, reserved 1048576K
}
Event: 20.692 GC heap before
{Heap before GC invocations=58 (full 3):
 PSYoungGen      total 20480K, used 19831K [0x00000000d5580000, 0x00000000d6b00000, 0x0000000100000000)
  eden space 18944K, 100% used [0x00000000d5580000,0x00000000d6800000,0x00000000d6800000)
  from space 1536K, 57% used [0x00000000d6980000,0x00000000d6a5dcf8,0x00000000d6b00000)
  to   space 1536K, 0% used [0x00000000d6800000,0x00000000d6800000,0x00000000d6980000)
 ParOldGen       total 68608K, used 56495K [0x0000000080000000, 0x0000000084300000, 0x00000000d5580000)
  object space 68608K, 82% used [0x0000000080000000,0x000000008372be90,0x0000000084300000)
 Metaspace       used 77092K, committed 78400K, reserved 1179648K
  class space    used 8610K, committed 9216K, reserved 1048576K
}
Event: 20.692 GC heap after
{Heap after GC invocations=58 (full 3):
 PSYoungGen      total 19456K, used 493K [0x00000000d5580000, 0x00000000d6a00000, 0x0000000100000000)
  eden space 18944K, 0% used [0x00000000d5580000,0x00000000d5580000,0x00000000d6800000)
  from space 512K, 96% used [0x00000000d6800000,0x00000000d687b420,0x00000000d6880000)
  to   space 1024K, 0% used [0x00000000d6900000,0x00000000d6900000,0x00000000d6a00000)
 ParOldGen       total 68608K, used 56543K [0x0000000080000000, 0x0000000084300000, 0x00000000d5580000)
  object space 68608K, 82% used [0x0000000080000000,0x0000000083737e90,0x0000000084300000)
 Metaspace       used 77092K, committed 78400K, reserved 1179648K
  class space    used 8610K, committed 9216K, reserved 1048576K
}
Event: 20.781 GC heap before
{Heap before GC invocations=59 (full 3):
 PSYoungGen      total 19456K, used 19437K [0x00000000d5580000, 0x00000000d6a00000, 0x0000000100000000)
  eden space 18944K, 100% used [0x00000000d5580000,0x00000000d6800000,0x00000000d6800000)
  from space 512K, 96% used [0x00000000d6800000,0x00000000d687b420,0x00000000d6880000)
  to   space 1024K, 0% used [0x00000000d6900000,0x00000000d6900000,0x00000000d6a00000)
 ParOldGen       total 68608K, used 56543K [0x0000000080000000, 0x0000000084300000, 0x00000000d5580000)
  object space 68608K, 82% used [0x0000000080000000,0x0000000083737e90,0x0000000084300000)
 Metaspace       used 77092K, committed 78400K, reserved 1179648K
  class space    used 8610K, committed 9216K, reserved 1048576K
}
Event: 20.782 GC heap after
{Heap after GC invocations=59 (full 3):
 PSYoungGen      total 19968K, used 640K [0x00000000d5580000, 0x00000000d6a00000, 0x0000000100000000)
  eden space 18944K, 0% used [0x00000000d5580000,0x00000000d5580000,0x00000000d6800000)
  from space 1024K, 62% used [0x00000000d6900000,0x00000000d69a0318,0x00000000d6a00000)
  to   space 1024K, 0% used [0x00000000d6800000,0x00000000d6800000,0x00000000d6900000)
 ParOldGen       total 68608K, used 56643K [0x0000000080000000, 0x0000000084300000, 0x00000000d5580000)
  object space 68608K, 82% used [0x0000000080000000,0x0000000083750f60,0x0000000084300000)
 Metaspace       used 77092K, committed 78400K, reserved 1179648K
  class space    used 8610K, committed 9216K, reserved 1048576K
}
Event: 20.897 GC heap before
{Heap before GC invocations=60 (full 3):
 PSYoungGen      total 19968K, used 19584K [0x00000000d5580000, 0x00000000d6a00000, 0x0000000100000000)
  eden space 18944K, 100% used [0x00000000d5580000,0x00000000d6800000,0x00000000d6800000)
  from space 1024K, 62% used [0x00000000d6900000,0x00000000d69a0318,0x00000000d6a00000)
  to   space 1024K, 0% used [0x00000000d6800000,0x00000000d6800000,0x00000000d6900000)
 ParOldGen       total 68608K, used 56643K [0x0000000080000000, 0x0000000084300000, 0x00000000d5580000)
  object space 68608K, 82% used [0x0000000080000000,0x0000000083750f60,0x0000000084300000)
 Metaspace       used 77092K, committed 78400K, reserved 1179648K
  class space    used 8610K, committed 9216K, reserved 1048576K
}
Event: 20.897 GC heap after
{Heap after GC invocations=60 (full 3):
 PSYoungGen      total 19968K, used 1020K [0x00000000d5580000, 0x00000000d6b00000, 0x0000000100000000)
  eden space 18944K, 0% used [0x00000000d5580000,0x00000000d5580000,0x00000000d6800000)
  from space 1024K, 99% used [0x00000000d6800000,0x00000000d68ff1b8,0x00000000d6900000)
  to   space 1536K, 0% used [0x00000000d6980000,0x00000000d6980000,0x00000000d6b00000)
 ParOldGen       total 68608K, used 56894K [0x0000000080000000, 0x0000000084300000, 0x00000000d5580000)
  object space 68608K, 82% used [0x0000000080000000,0x000000008378f888,0x0000000084300000)
 Metaspace       used 77092K, committed 78400K, reserved 1179648K
  class space    used 8610K, committed 9216K, reserved 1048576K
}
Event: 20.994 GC heap before
{Heap before GC invocations=61 (full 3):
 PSYoungGen      total 19968K, used 19948K [0x00000000d5580000, 0x00000000d6b00000, 0x0000000100000000)
  eden space 18944K, 99% used [0x00000000d5580000,0x00000000d67fc118,0x00000000d6800000)
  from space 1024K, 99% used [0x00000000d6800000,0x00000000d68ff1b8,0x00000000d6900000)
  to   space 1536K, 0% used [0x00000000d6980000,0x00000000d6980000,0x00000000d6b00000)
 ParOldGen       total 68608K, used 56894K [0x0000000080000000, 0x0000000084300000, 0x00000000d5580000)
  object space 68608K, 82% used [0x0000000080000000,0x000000008378f888,0x0000000084300000)
 Metaspace       used 77092K, committed 78400K, reserved 1179648K
  class space    used 8610K, committed 9216K, reserved 1048576K
}
Event: 20.995 GC heap after
{Heap after GC invocations=61 (full 3):
 PSYoungGen      total 20480K, used 1252K [0x00000000d5580000, 0x00000000d6b00000, 0x0000000100000000)
  eden space 18944K, 0% used [0x00000000d5580000,0x00000000d5580000,0x00000000d6800000)
  from space 1536K, 81% used [0x00000000d6980000,0x00000000d6ab9368,0x00000000d6b00000)
  to   space 1536K, 0% used [0x00000000d6800000,0x00000000d6800000,0x00000000d6980000)
 ParOldGen       total 68608K, used 56950K [0x0000000080000000, 0x0000000084300000, 0x00000000d5580000)
  object space 68608K, 83% used [0x0000000080000000,0x000000008379d888,0x0000000084300000)
 Metaspace       used 77092K, committed 78400K, reserved 1179648K
  class space    used 8610K, committed 9216K, reserved 1048576K
}
Event: 21.210 GC heap before
{Heap before GC invocations=62 (full 3):
 PSYoungGen      total 20480K, used 20196K [0x00000000d5580000, 0x00000000d6b00000, 0x0000000100000000)
  eden space 18944K, 100% used [0x00000000d5580000,0x00000000d6800000,0x00000000d6800000)
  from space 1536K, 81% used [0x00000000d6980000,0x00000000d6ab9368,0x00000000d6b00000)
  to   space 1536K, 0% used [0x00000000d6800000,0x00000000d6800000,0x00000000d6980000)
 ParOldGen       total 68608K, used 56950K [0x0000000080000000, 0x0000000084300000, 0x00000000d5580000)
  object space 68608K, 83% used [0x0000000080000000,0x000000008379d888,0x0000000084300000)
 Metaspace       used 78052K, committed 79296K, reserved 1179648K
  class space    used 8743K, committed 9344K, reserved 1048576K
}
Event: 21.211 GC heap after
{Heap after GC invocations=62 (full 3):
 PSYoungGen      total 19456K, used 384K [0x00000000d5580000, 0x00000000d6a00000, 0x0000000100000000)
  eden space 18944K, 0% used [0x00000000d5580000,0x00000000d5580000,0x00000000d6800000)
  from space 512K, 75% used [0x00000000d6800000,0x00000000d6860000,0x00000000d6880000)
  to   space 1024K, 0% used [0x00000000d6900000,0x00000000d6900000,0x00000000d6a00000)
 ParOldGen       total 68608K, used 57006K [0x0000000080000000, 0x0000000084300000, 0x00000000d5580000)
  object space 68608K, 83% used [0x0000000080000000,0x00000000837ab888,0x0000000084300000)
 Metaspace       used 78052K, committed 79296K, reserved 1179648K
  class space    used 8743K, committed 9344K, reserved 1048576K
}
Event: 21.825 GC heap before
{Heap before GC invocations=63 (full 3):
 PSYoungGen      total 19456K, used 19323K [0x00000000d5580000, 0x00000000d6a00000, 0x0000000100000000)
  eden space 18944K, 99% used [0x00000000d5580000,0x00000000d67fee90,0x00000000d6800000)
  from space 512K, 75% used [0x00000000d6800000,0x00000000d6860000,0x00000000d6880000)
  to   space 1024K, 0% used [0x00000000d6900000,0x00000000d6900000,0x00000000d6a00000)
 ParOldGen       total 68608K, used 57006K [0x0000000080000000, 0x0000000084300000, 0x00000000d5580000)
  object space 68608K, 83% used [0x0000000080000000,0x00000000837ab888,0x0000000084300000)
 Metaspace       used 78470K, committed 79744K, reserved 1179648K
  class space    used 8791K, committed 9344K, reserved 1048576K
}
Event: 21.825 GC heap after
{Heap after GC invocations=63 (full 3):
 PSYoungGen      total 19456K, used 384K [0x00000000d5580000, 0x00000000d6980000, 0x0000000100000000)
  eden space 18944K, 0% used [0x00000000d5580000,0x00000000d5580000,0x00000000d6800000)
  from space 512K, 75% used [0x00000000d6900000,0x00000000d6960000,0x00000000d6980000)
  to   space 512K, 0% used [0x00000000d6800000,0x00000000d6800000,0x00000000d6880000)
 ParOldGen       total 68608K, used 57174K [0x0000000080000000, 0x0000000084300000, 0x00000000d5580000)
  object space 68608K, 83% used [0x0000000080000000,0x00000000837d5888,0x0000000084300000)
 Metaspace       used 78470K, committed 79744K, reserved 1179648K
  class space    used 8791K, committed 9344K, reserved 1048576K
}
Event: 21.951 GC heap before
{Heap before GC invocations=64 (full 3):
 PSYoungGen      total 19456K, used 19328K [0x00000000d5580000, 0x00000000d6980000, 0x0000000100000000)
  eden space 18944K, 100% used [0x00000000d5580000,0x00000000d6800000,0x00000000d6800000)
  from space 512K, 75% used [0x00000000d6900000,0x00000000d6960000,0x00000000d6980000)
  to   space 512K, 0% used [0x00000000d6800000,0x00000000d6800000,0x00000000d6880000)
 ParOldGen       total 68608K, used 57174K [0x0000000080000000, 0x0000000084300000, 0x00000000d5580000)
  object space 68608K, 83% used [0x0000000080000000,0x00000000837d5888,0x0000000084300000)
 Metaspace       used 79232K, committed 80640K, reserved 1179648K
  class space    used 8871K, committed 9536K, reserved 1048576K
}
Event: 21.954 GC heap after
{Heap after GC invocations=64 (full 3):
 PSYoungGen      total 19456K, used 504K [0x00000000d5580000, 0x00000000d7a00000, 0x0000000100000000)
  eden space 18944K, 0% used [0x00000000d5580000,0x00000000d5580000,0x00000000d6800000)
  from space 512K, 98% used [0x00000000d6800000,0x00000000d687e1a8,0x00000000d6880000)
  to   space 9216K, 0% used [0x00000000d7100000,0x00000000d7100000,0x00000000d7a00000)
 ParOldGen       total 68608K, used 64235K [0x0000000080000000, 0x0000000084300000, 0x00000000d5580000)
  object space 68608K, 93% used [0x0000000080000000,0x0000000083ebaff0,0x0000000084300000)
 Metaspace       used 79232K, committed 80640K, reserved 1179648K
  class space    used 8871K, committed 9536K, reserved 1048576K
}

Dll operation events (14 events):
Event: 0.029 Loaded shared library c:\Users\omera\.vscode-insiders\extensions\redhat.java-1.53.0-win32-x64\jre\21.0.10-win32-x86_64\bin\java.dll
Event: 0.044 Loaded shared library c:\Users\omera\.vscode-insiders\extensions\redhat.java-1.53.0-win32-x64\jre\21.0.10-win32-x86_64\bin\zip.dll
Event: 0.102 Loaded shared library C:\Users\omera\.vscode-insiders\extensions\redhat.java-1.53.0-win32-x64\jre\21.0.10-win32-x86_64\bin\instrument.dll
Event: 0.106 Loaded shared library C:\Users\omera\.vscode-insiders\extensions\redhat.java-1.53.0-win32-x64\jre\21.0.10-win32-x86_64\bin\net.dll
Event: 0.109 Loaded shared library C:\Users\omera\.vscode-insiders\extensions\redhat.java-1.53.0-win32-x64\jre\21.0.10-win32-x86_64\bin\nio.dll
Event: 0.113 Loaded shared library C:\Users\omera\.vscode-insiders\extensions\redhat.java-1.53.0-win32-x64\jre\21.0.10-win32-x86_64\bin\zip.dll
Event: 0.131 Loaded shared library C:\Users\omera\.vscode-insiders\extensions\redhat.java-1.53.0-win32-x64\jre\21.0.10-win32-x86_64\bin\jimage.dll
Event: 0.211 Loaded shared library c:\Users\omera\.vscode-insiders\extensions\redhat.java-1.53.0-win32-x64\jre\21.0.10-win32-x86_64\bin\verify.dll
Event: 8.257 Loaded shared library C:\Users\omera\AppData\Roaming\Code - Insiders\User\globalStorage\redhat.java\1.53.0\config_win\org.eclipse.equinox.launcher\org.eclipse.equinox.launcher.win32.win32.x86_64_1.3.0.v20260203-2149\eclipse_11919.dll
Event: 14.230 Loaded shared library C:\Users\omera\AppData\Local\Temp\jna-105858742\jna6815989406619053731.dll
Event: 16.374 Loaded shared library C:\Users\omera\.gradle\native\c067742578af261105cb4f569cf0c3c89f3d7b1fecec35dd04571415982c5e48\windows-amd64\native-platform.dll
Event: 17.641 Loaded shared library C:\Users\omera\.vscode-insiders\extensions\redhat.java-1.53.0-win32-x64\jre\21.0.10-win32-x86_64\bin\management.dll
Event: 17.645 Loaded shared library C:\Users\omera\.vscode-insiders\extensions\redhat.java-1.53.0-win32-x64\jre\21.0.10-win32-x86_64\bin\management_ext.dll
Event: 21.148 Loaded shared library C:\Users\omera\.vscode-insiders\extensions\redhat.java-1.53.0-win32-x64\jre\21.0.10-win32-x86_64\bin\extnet.dll

Deoptimization events (20 events):
Event: 21.925 Thread 0x0000028969e92130 Uncommon trap: trap_request=0xffffff45 fr.pc=0x000002891627703c relative=0x00000000000021bc
Event: 21.925 Thread 0x0000028969e92130 Uncommon trap: reason=unstable_if action=reinterpret pc=0x000002891627703c method=java.net.URLStreamHandler.parseURL(Ljava/net/URL;Ljava/lang/String;II)V @ 145 c2
Event: 21.925 Thread 0x0000028969e92130 DEOPT PACKING pc=0x000002891627703c sp=0x000000d4468fec40
Event: 21.925 Thread 0x0000028969e92130 DEOPT UNPACKING pc=0x0000028915913aa2 sp=0x000000d4468febd0 mode 2
Event: 21.977 Thread 0x0000028969e92130 Uncommon trap: trap_request=0xffffff45 fr.pc=0x0000028916236164 relative=0x000000000000a024
Event: 21.977 Thread 0x0000028969e92130 Uncommon trap: reason=unstable_if action=reinterpret pc=0x0000028916236164 method=org.eclipse.osgi.internal.loader.classpath.ClasspathManager.findLocalResourceImpl(Ljava/lang/String;[Lorg/eclipse/osgi/internal/loader/classpath/ClasspathEntry;Lorg/eclipse/
Event: 21.977 Thread 0x0000028969e92130 DEOPT PACKING pc=0x0000028916236164 sp=0x000000d4468fd670
Event: 21.977 Thread 0x0000028969e92130 DEOPT UNPACKING pc=0x0000028915913aa2 sp=0x000000d4468fd540 mode 2
Event: 21.984 Thread 0x0000028969e92130 Uncommon trap: trap_request=0xffffffc6 fr.pc=0x0000028915ff6788 relative=0x00000000000001e8
Event: 21.984 Thread 0x0000028969e92130 Uncommon trap: reason=bimorphic_or_optimized_type_check action=maybe_recompile pc=0x0000028915ff6788 method=java.util.Collections.eq(Ljava/lang/Object;Ljava/lang/Object;)Z @ 18 c2
Event: 21.984 Thread 0x0000028969e92130 DEOPT PACKING pc=0x0000028915ff6788 sp=0x000000d4468fea10
Event: 21.984 Thread 0x0000028969e92130 DEOPT UNPACKING pc=0x0000028915913aa2 sp=0x000000d4468fe950 mode 2
Event: 21.984 Thread 0x0000028969e92130 Uncommon trap: trap_request=0xffffffc6 fr.pc=0x0000028915ff6788 relative=0x00000000000001e8
Event: 21.984 Thread 0x0000028969e92130 Uncommon trap: reason=bimorphic_or_optimized_type_check action=maybe_recompile pc=0x0000028915ff6788 method=java.util.Collections.eq(Ljava/lang/Object;Ljava/lang/Object;)Z @ 18 c2
Event: 21.984 Thread 0x0000028969e92130 DEOPT PACKING pc=0x0000028915ff6788 sp=0x000000d4468feb70
Event: 21.984 Thread 0x0000028969e92130 DEOPT UNPACKING pc=0x0000028915913aa2 sp=0x000000d4468feab0 mode 2
Event: 22.138 Thread 0x0000028975677940 Uncommon trap: trap_request=0xffffffc6 fr.pc=0x00000289160d4e5c relative=0x000000000000075c
Event: 22.138 Thread 0x0000028975677940 Uncommon trap: reason=bimorphic_or_optimized_type_check action=maybe_recompile pc=0x00000289160d4e5c method=java.util.regex.Matcher.getTextLength()I @ 4 c2
Event: 22.138 Thread 0x0000028975677940 DEOPT PACKING pc=0x00000289160d4e5c sp=0x000000d44a3fec60
Event: 22.138 Thread 0x0000028975677940 DEOPT UNPACKING pc=0x0000028915913aa2 sp=0x000000d44a3fead0 mode 2

Classes loaded (20 events):
Event: 21.939 Loading class java/util/stream/ReduceOps$CountingSink$OfRef
Event: 21.939 Loading class java/util/stream/ReduceOps$CountingSink
Event: 21.939 Loading class java/util/stream/ReduceOps$CountingSink done
Event: 21.939 Loading class java/util/stream/ReduceOps$CountingSink$OfRef done
Event: 21.940 Loading class java/util/stream/ReduceOps$1
Event: 21.940 Loading class java/util/stream/ReduceOps$1 done
Event: 21.940 Loading class java/util/stream/ReduceOps$1ReducingSink
Event: 21.940 Loading class java/util/stream/ReduceOps$1ReducingSink done
Event: 21.976 Loading class java/io/SequenceInputStream
Event: 21.976 Loading class java/io/SequenceInputStream done
Event: 21.980 Loading class java/util/concurrent/CompletableFuture$UniApply
Event: 21.981 Loading class java/util/concurrent/CompletableFuture$UniCompletion
Event: 21.981 Loading class java/util/concurrent/CompletableFuture$UniCompletion done
Event: 21.981 Loading class java/util/concurrent/CompletableFuture$UniApply done
Event: 21.981 Loading class java/util/concurrent/CompletableFuture$UniAccept
Event: 21.982 Loading class java/util/concurrent/CompletableFuture$UniAccept done
Event: 21.982 Loading class java/util/concurrent/CompletableFuture$UniExceptionally
Event: 21.982 Loading class java/util/concurrent/CompletableFuture$UniExceptionally done
Event: 21.992 Loading class java/util/regex/PatternSyntaxException
Event: 21.993 Loading class java/util/regex/PatternSyntaxException done

Classes unloaded (7 events):
Event: 14.491 Thread 0x0000028921c237e0 Unloading class 0x00000289231c9400 'java/lang/invoke/LambdaForm$MH+0x00000289231c9400'
Event: 14.491 Thread 0x0000028921c237e0 Unloading class 0x00000289231c9000 'java/lang/invoke/LambdaForm$MH+0x00000289231c9000'
Event: 14.491 Thread 0x0000028921c237e0 Unloading class 0x00000289231c8c00 'java/lang/invoke/LambdaForm$MH+0x00000289231c8c00'
Event: 14.491 Thread 0x0000028921c237e0 Unloading class 0x00000289231c8800 'java/lang/invoke/LambdaForm$MH+0x00000289231c8800'
Event: 14.491 Thread 0x0000028921c237e0 Unloading class 0x00000289231c8400 'java/lang/invoke/LambdaForm$BMH+0x00000289231c8400'
Event: 14.491 Thread 0x0000028921c237e0 Unloading class 0x00000289231c8000 'java/lang/invoke/LambdaForm$DMH+0x00000289231c8000'
Event: 14.491 Thread 0x0000028921c237e0 Unloading class 0x00000289231c3000 'java/lang/invoke/LambdaForm$DMH+0x00000289231c3000'

Classes redefined (0 events):
No events

Internal exceptions (20 events):
Event: 21.859 Thread 0x000002896b7efa30 Exception <a 'sun/nio/fs/WindowsException'{0x00000000d59e7d80}> (0x00000000d59e7d80) 
thrown [s\src\hotspot\share\prims\jni.cpp, line 520]
Event: 21.859 Thread 0x000002896b7efa30 Exception <a 'sun/nio/fs/WindowsException'{0x00000000d59ee720}> (0x00000000d59ee720) 
thrown [s\src\hotspot\share\prims\jni.cpp, line 520]
Event: 21.859 Thread 0x000002896b7efa30 Exception <a 'sun/nio/fs/WindowsException'{0x00000000d59f5990}> (0x00000000d59f5990) 
thrown [s\src\hotspot\share\prims\jni.cpp, line 520]
Event: 21.860 Thread 0x000002896b7efa30 Exception <a 'sun/nio/fs/WindowsException'{0x00000000d59f9450}> (0x00000000d59f9450) 
thrown [s\src\hotspot\share\prims\jni.cpp, line 520]
Event: 21.860 Thread 0x000002896b7efa30 Exception <a 'sun/nio/fs/WindowsException'{0x00000000d59fa028}> (0x00000000d59fa028) 
thrown [s\src\hotspot\share\prims\jni.cpp, line 520]
Event: 21.861 Thread 0x000002896b7efa30 Exception <a 'sun/nio/fs/WindowsException'{0x00000000d5a4aab8}> (0x00000000d5a4aab8) 
thrown [s\src\hotspot\share\prims\jni.cpp, line 520]
Event: 21.862 Thread 0x000002896b7efa30 Exception <a 'sun/nio/fs/WindowsException'{0x00000000d5a4b348}> (0x00000000d5a4b348) 
thrown [s\src\hotspot\share\prims\jni.cpp, line 520]
Event: 21.862 Thread 0x000002896b7efa30 Exception <a 'sun/nio/fs/WindowsException'{0x00000000d5a52850}> (0x00000000d5a52850) 
thrown [s\src\hotspot\share\prims\jni.cpp, line 520]
Event: 21.862 Thread 0x000002896b7efa30 Exception <a 'sun/nio/fs/WindowsException'{0x00000000d5a530e8}> (0x00000000d5a530e8) 
thrown [s\src\hotspot\share\prims\jni.cpp, line 520]
Event: 21.862 Thread 0x000002896b7efa30 Exception <a 'sun/nio/fs/WindowsException'{0x00000000d5a54090}> (0x00000000d5a54090) 
thrown [s\src\hotspot\share\prims\jni.cpp, line 520]
Event: 21.862 Thread 0x000002896b7efa30 Exception <a 'sun/nio/fs/WindowsException'{0x00000000d5a5b158}> (0x00000000d5a5b158) 
thrown [s\src\hotspot\share\prims\jni.cpp, line 520]
Event: 21.863 Thread 0x000002896b7efa30 Exception <a 'sun/nio/fs/WindowsException'{0x00000000d5a5c400}> (0x00000000d5a5c400) 
thrown [s\src\hotspot\share\prims\jni.cpp, line 520]
Event: 21.863 Thread 0x000002896b7efa30 Exception <a 'sun/nio/fs/WindowsException'{0x00000000d5a5cad8}> (0x00000000d5a5cad8) 
thrown [s\src\hotspot\share\prims\jni.cpp, line 520]
Event: 21.925 Thread 0x0000028969e92130 Exception <a 'sun/nio/fs/WindowsException'{0x00000000d6233900}> (0x00000000d6233900) 
thrown [s\src\hotspot\share\prims\jni.cpp, line 520]
Event: 21.936 Thread 0x0000028969e92130 Exception <a 'java/lang/NoSuchMethodError'{0x00000000d63d8ad0}: 'java.lang.Object java.lang.invoke.DirectMethodHandle$Holder.invokeSpecial(java.lang.Object, java.lang.Object, int, long)'> (0x00000000d63d8ad0) 
thrown [s\src\hotspot\share\interpreter\linkResolver.cpp, line 773]
Event: 21.955 Thread 0x0000028969e92130 Exception <a 'java/lang/NoSuchMethodError'{0x00000000d5591ab0}: 'java.lang.Object java.lang.invoke.DirectMethodHandle$Holder.invokeStatic(java.lang.Object, java.lang.Object, int, java.lang.Object)'> (0x00000000d5591ab0) 
thrown [s\src\hotspot\share\interpreter\linkResolver.cpp, line 773]
Event: 21.977 Thread 0x0000028969e92130 Implicit null exception at 0x000002891622cc19 to 0x0000028916236132
Event: 21.979 Thread 0x000002896b7efa30 Exception <a 'java/lang/IncompatibleClassChangeError'{0x00000000d5934068}: Found class java.lang.Object, but interface was expected> (0x00000000d5934068) 
thrown [s\src\hotspot\share\interpreter\linkResolver.cpp, line 840]
Event: 22.003 Thread 0x0000028969e92130 Exception <a 'java/io/FileNotFoundException'{0x00000000d5bcfbb0}> (0x00000000d5bcfbb0) 
thrown [s\src\hotspot\share\prims\jni.cpp, line 520]
Event: 22.003 Thread 0x0000028969e92130 Exception <a 'java/io/FileNotFoundException'{0x00000000d5bd0ce0}> (0x00000000d5bd0ce0) 
thrown [s\src\hotspot\share\prims\jni.cpp, line 520]

ZGC Phase Switch (0 events):
No events

VM Operations (20 events):
Event: 20.692 Executing safepoint VM operation: ParallelGCFailedAllocation (Allocation Failure)
Event: 20.692 Executing safepoint VM operation: ParallelGCFailedAllocation (Allocation Failure) done
Event: 20.781 Executing safepoint VM operation: ParallelGCFailedAllocation (Allocation Failure)
Event: 20.782 Executing safepoint VM operation: ParallelGCFailedAllocation (Allocation Failure) done
Event: 20.897 Executing safepoint VM operation: ParallelGCFailedAllocation (Allocation Failure)
Event: 20.897 Executing safepoint VM operation: ParallelGCFailedAllocation (Allocation Failure) done
Event: 20.994 Executing safepoint VM operation: ParallelGCFailedAllocation (Allocation Failure)
Event: 20.995 Executing safepoint VM operation: ParallelGCFailedAllocation (Allocation Failure) done
Event: 21.210 Executing safepoint VM operation: ParallelGCFailedAllocation (Allocation Failure)
Event: 21.211 Executing safepoint VM operation: ParallelGCFailedAllocation (Allocation Failure) done
Event: 21.414 Executing non-safepoint VM operation: HandshakeAllThreads (Deoptimize)
Event: 21.414 Executing non-safepoint VM operation: HandshakeAllThreads (Deoptimize) done
Event: 21.825 Executing safepoint VM operation: ParallelGCFailedAllocation (Allocation Failure)
Event: 21.825 Executing safepoint VM operation: ParallelGCFailedAllocation (Allocation Failure) done
Event: 21.863 Executing non-safepoint VM operation: HandshakeAllThreads (Deoptimize)
Event: 21.863 Executing non-safepoint VM operation: HandshakeAllThreads (Deoptimize) done
Event: 21.864 Executing non-safepoint VM operation: HandshakeAllThreads (Deoptimize)
Event: 21.864 Executing non-safepoint VM operation: HandshakeAllThreads (Deoptimize) done
Event: 21.951 Executing safepoint VM operation: ParallelGCFailedAllocation (Allocation Failure)
Event: 21.955 Executing safepoint VM operation: ParallelGCFailedAllocation (Allocation Failure) done

Memory protections (0 events):
No events

Nmethod flushes (20 events):
Event: 16.980 Thread 0x0000028921c237e0 flushing  nmethod 0x000002890ec9b690
Event: 16.981 Thread 0x0000028921c237e0 flushing  nmethod 0x000002890eca7790
Event: 16.981 Thread 0x0000028921c237e0 flushing  nmethod 0x000002890ecd2490
Event: 16.981 Thread 0x0000028921c237e0 flushing  nmethod 0x000002890ecd9b90
Event: 16.981 Thread 0x0000028921c237e0 flushing  nmethod 0x000002890ecdbf90
Event: 16.981 Thread 0x0000028921c237e0 flushing  nmethod 0x000002890eceaa10
Event: 16.981 Thread 0x0000028921c237e0 flushing  nmethod 0x000002890ecead90
Event: 16.981 Thread 0x0000028921c237e0 flushing  nmethod 0x000002890eceb110
Event: 16.981 Thread 0x0000028921c237e0 flushing  nmethod 0x000002890ecf5610
Event: 16.981 Thread 0x0000028921c237e0 flushing osr nmethod 0x000002890ed09a10
Event: 16.981 Thread 0x0000028921c237e0 flushing  nmethod 0x000002890ed1e390
Event: 16.981 Thread 0x0000028921c237e0 flushing  nmethod 0x000002890ed26e90
Event: 16.981 Thread 0x0000028921c237e0 flushing  nmethod 0x000002890ed42f90
Event: 16.981 Thread 0x0000028921c237e0 flushing  nmethod 0x000002890ed46490
Event: 16.981 Thread 0x0000028921c237e0 flushing  nmethod 0x000002890ed47390
Event: 16.981 Thread 0x0000028921c237e0 flushing  nmethod 0x000002890ed4a290
Event: 16.981 Thread 0x0000028921c237e0 flushing  nmethod 0x000002890ed7d390
Event: 16.981 Thread 0x0000028921c237e0 flushing  nmethod 0x000002890ed7da90
Event: 16.981 Thread 0x0000028921c237e0 flushing  nmethod 0x000002890ed7e390
Event: 16.981 Thread 0x0000028921c237e0 flushing  nmethod 0x000002890ed7eb90

Events (20 events):
Event: 21.638 Thread 0x0000028969e91410 Thread added: 0x00000289756737a0
Event: 21.725 Thread 0x00000289756737a0 Thread added: 0x0000028975675870
Event: 21.731 Thread 0x0000028975675870 Thread added: 0x0000028975675f00
Event: 21.731 Thread 0x0000028975675870 Thread added: 0x0000028975676c20
Event: 21.732 Thread 0x0000028975675f00 Thread exited: 0x0000028975675f00
Event: 21.821 Thread 0x0000028975675870 Thread exited: 0x0000028975675870
Event: 21.821 Thread 0x0000028975676c20 Thread exited: 0x0000028975676c20
Event: 21.821 Thread 0x00000289756737a0 Thread exited: 0x00000289756737a0
Event: 21.898 Thread 0x0000028969e92130 Thread added: 0x00000289756737a0
Event: 21.899 Thread 0x00000289756737a0 Thread added: 0x00000289756744c0
Event: 22.016 Thread 0x0000028969e8f9d0 Thread added: 0x0000028975676c20
Event: 22.017 Thread 0x0000028969e8f9d0 Thread added: 0x0000028975675870
Event: 22.031 Thread 0x0000028975675870 Thread exited: 0x0000028975675870
Event: 22.031 Thread 0x0000028969e8f9d0 Thread added: 0x0000028975675870
Event: 22.032 Thread 0x0000028969e8f9d0 Thread added: 0x0000028975675f00
Event: 22.055 Thread 0x0000028975675f00 Thread added: 0x00000289756772b0
Event: 22.134 Thread 0x0000028975675f00 Thread added: 0x0000028975677940
Event: 22.138 Thread 0x0000028975677940 Thread added: 0x000002896b62ea70
Event: 22.138 Thread 0x0000028975677940 Thread added: 0x0000028976f7f980
Event: 22.138 Thread 0x000002896b62ea70 Thread exited: 0x000002896b62ea70


Dynamic libraries:
0x00007ff62a620000 - 0x00007ff62a62e000 	c:\Users\omera\.vscode-insiders\extensions\redhat.java-1.53.0-win32-x64\jre\21.0.10-win32-x86_64\bin\java.exe
0x00007ffffad90000 - 0x00007ffffafa8000 	C:\Windows\SYSTEM32\ntdll.dll
0x00007ffff92f0000 - 0x00007ffff93b4000 	C:\Windows\System32\KERNEL32.DLL
0x00007ffff7fc0000 - 0x00007ffff8393000 	C:\Windows\System32\KERNELBASE.dll
0x00007ffff7ea0000 - 0x00007ffff7fb1000 	C:\Windows\System32\ucrtbase.dll
0x00007fffc1290000 - 0x00007fffc12a8000 	c:\Users\omera\.vscode-insiders\extensions\redhat.java-1.53.0-win32-x64\jre\21.0.10-win32-x86_64\bin\jli.dll
0x00007ffff9130000 - 0x00007ffff92e2000 	C:\Windows\System32\USER32.dll
0x00007ffff8420000 - 0x00007ffff8446000 	C:\Windows\System32\win32u.dll
0x00007ffffa200000 - 0x00007ffffa229000 	C:\Windows\System32\GDI32.dll
0x00007fffc0450000 - 0x00007fffc046e000 	c:\Users\omera\.vscode-insiders\extensions\redhat.java-1.53.0-win32-x64\jre\21.0.10-win32-x86_64\bin\VCRUNTIME140.dll
0x00007ffff84f0000 - 0x00007ffff860b000 	C:\Windows\System32\gdi32full.dll
0x00007ffff8450000 - 0x00007ffff84ea000 	C:\Windows\System32\msvcp_win.dll
0x00007fffe60e0000 - 0x00007fffe637c000 	C:\Windows\WinSxS\amd64_microsoft.windows.common-controls_6595b64144ccf1df_6.0.22621.6060_none_2712eda17382d24b\COMCTL32.dll
0x00007ffffa9d0000 - 0x00007ffffaa77000 	C:\Windows\System32\msvcrt.dll
0x00007ffffa990000 - 0x00007ffffa9c1000 	C:\Windows\System32\IMM32.DLL
0x00007fffcdc80000 - 0x00007fffcdd72000 	C:\Program Files\Windhawk\Engine\1.7.3\64\windhawk.dll
0x00007ffff8f30000 - 0x00007ffff8fe1000 	C:\Windows\System32\ADVAPI32.dll
0x00007ffff93c0000 - 0x00007ffff9468000 	C:\Windows\System32\sechost.dll
0x00007ffff8980000 - 0x00007ffff89a8000 	C:\Windows\System32\bcrypt.dll
0x00007ffffaa80000 - 0x00007ffffab98000 	C:\Windows\System32\RPCRT4.dll
0x00007fffcdc50000 - 0x00007fffcdc78000 	C:\ProgramData\Windhawk\Engine\Mods\64\explorer-details-better-file-sizes_1.4.11_223466.dll
0x00007ffff9e10000 - 0x00007ffff9fb1000 	C:\Windows\System32\ole32.dll
0x00007ffffa240000 - 0x00007ffffa5d1000 	C:\Windows\System32\combase.dll
0x00007ffff9470000 - 0x00007ffff9548000 	C:\Windows\System32\OLEAUT32.dll
0x00007ffff9570000 - 0x00007ffff9e0c000 	C:\Windows\System32\SHELL32.dll
0x00007ffff8610000 - 0x00007ffff874f000 	C:\Windows\System32\wintypes.dll
0x00007fffcdaa0000 - 0x00007fffcdc49000 	C:\ProgramData\Windhawk\Engine\Mods\64\libc++.whl
0x00007ffff3b40000 - 0x00007ffff3c48000 	C:\Windows\SYSTEM32\PROPSYS.dll
0x00007fffcd720000 - 0x00007fffcd75a000 	C:\ProgramData\Windhawk\Engine\Mods\64\libunwind.whl
0x00007ffff5d50000 - 0x00007ffff666a000 	C:\Windows\SYSTEM32\windows.storage.dll
0x00007fffd9fe0000 - 0x00007fffd9fec000 	c:\Users\omera\.vscode-insiders\extensions\redhat.java-1.53.0-win32-x64\jre\21.0.10-win32-x86_64\bin\vcruntime140_1.dll
0x00007fff93ee0000 - 0x00007fff93f6d000 	c:\Users\omera\.vscode-insiders\extensions\redhat.java-1.53.0-win32-x64\jre\21.0.10-win32-x86_64\bin\msvcp140.dll
0x00007ffeb84c0000 - 0x00007ffeb9261000 	c:\Users\omera\.vscode-insiders\extensions\redhat.java-1.53.0-win32-x64\jre\21.0.10-win32-x86_64\bin\server\jvm.dll
0x00007ffffa640000 - 0x00007ffffa6b1000 	C:\Windows\System32\WS2_32.dll
0x00007ffff7d70000 - 0x00007ffff7dbd000 	C:\Windows\SYSTEM32\POWRPROF.dll
0x00007ffff1690000 - 0x00007ffff16c4000 	C:\Windows\SYSTEM32\WINMM.dll
0x00007ffff0900000 - 0x00007ffff090a000 	C:\Windows\SYSTEM32\VERSION.dll
0x00007ffff7d50000 - 0x00007ffff7d63000 	C:\Windows\SYSTEM32\UMPDC.dll
0x00007ffff6da0000 - 0x00007ffff6db8000 	C:\Windows\SYSTEM32\kernel.appcore.dll
0x00007fffd9d20000 - 0x00007fffd9d2a000 	c:\Users\omera\.vscode-insiders\extensions\redhat.java-1.53.0-win32-x64\jre\21.0.10-win32-x86_64\bin\jimage.dll
0x00007ffff55c0000 - 0x00007ffff57f3000 	C:\Windows\SYSTEM32\DBGHELP.DLL
0x00007fffd2ca0000 - 0x00007fffd2cd2000 	C:\Windows\SYSTEM32\dbgcore.DLL
0x00007ffff83a0000 - 0x00007ffff841b000 	C:\Windows\System32\bcryptPrimitives.dll
0x00007ffff4280000 - 0x00007ffff428f000 	c:\Users\omera\.vscode-insiders\extensions\redhat.java-1.53.0-win32-x64\jre\21.0.10-win32-x86_64\bin\instrument.dll
0x00007fffb4d20000 - 0x00007fffb4d40000 	c:\Users\omera\.vscode-insiders\extensions\redhat.java-1.53.0-win32-x64\jre\21.0.10-win32-x86_64\bin\java.dll
0x00007fffb8880000 - 0x00007fffb8898000 	c:\Users\omera\.vscode-insiders\extensions\redhat.java-1.53.0-win32-x64\jre\21.0.10-win32-x86_64\bin\zip.dll
0x00007ffffac40000 - 0x00007ffffad44000 	C:\Windows\System32\SHCORE.dll
0x00007ffff8ff0000 - 0x00007ffff9059000 	C:\Windows\System32\shlwapi.dll
0x00007ffff7dd0000 - 0x00007ffff7df5000 	C:\Windows\SYSTEM32\profapi.dll
0x00007fffd7240000 - 0x00007fffd7250000 	C:\Users\omera\.vscode-insiders\extensions\redhat.java-1.53.0-win32-x64\jre\21.0.10-win32-x86_64\bin\net.dll
0x00007ffff2270000 - 0x00007ffff239c000 	C:\Windows\SYSTEM32\WINHTTP.dll
0x00007ffff7300000 - 0x00007ffff7369000 	C:\Windows\system32\mswsock.dll
0x00007fffb5e50000 - 0x00007fffb5e66000 	C:\Users\omera\.vscode-insiders\extensions\redhat.java-1.53.0-win32-x64\jre\21.0.10-win32-x86_64\bin\nio.dll
0x00007ffff40f0000 - 0x00007ffff4100000 	c:\Users\omera\.vscode-insiders\extensions\redhat.java-1.53.0-win32-x64\jre\21.0.10-win32-x86_64\bin\verify.dll
0x00007fffda2a0000 - 0x00007fffda2e5000 	C:\Users\omera\AppData\Roaming\Code - Insiders\User\globalStorage\redhat.java\1.53.0\config_win\org.eclipse.equinox.launcher\org.eclipse.equinox.launcher.win32.win32.x86_64_1.3.0.v20260203-2149\eclipse_11919.dll
0x00007ffff7650000 - 0x00007ffff766b000 	C:\Windows\SYSTEM32\CRYPTSP.dll
0x00007ffff6dc0000 - 0x00007ffff6df7000 	C:\Windows\system32\rsaenh.dll
0x00007ffff73a0000 - 0x00007ffff73c8000 	C:\Windows\SYSTEM32\USERENV.dll
0x00007ffff7630000 - 0x00007ffff763c000 	C:\Windows\SYSTEM32\CRYPTBASE.dll
0x00007ffff68d0000 - 0x00007ffff68fd000 	C:\Windows\SYSTEM32\IPHLPAPI.DLL
0x00007ffff9fc0000 - 0x00007ffff9fc9000 	C:\Windows\System32\NSI.dll
0x00007fffd4590000 - 0x00007fffd45d9000 	C:\Users\omera\AppData\Local\Temp\jna-105858742\jna6815989406619053731.dll
0x00007ffffaba0000 - 0x00007ffffaba8000 	C:\Windows\System32\PSAPI.DLL
0x00007ffff28b0000 - 0x00007ffff28c9000 	C:\Windows\SYSTEM32\dhcpcsvc6.DLL
0x00007ffff1e20000 - 0x00007ffff1e3f000 	C:\Windows\SYSTEM32\dhcpcsvc.DLL
0x00007fffa3430000 - 0x00007fffa3457000 	C:\Users\omera\.gradle\native\c067742578af261105cb4f569cf0c3c89f3d7b1fecec35dd04571415982c5e48\windows-amd64\native-platform.dll
0x00007fffd45e0000 - 0x00007fffd45ea000 	C:\Users\omera\.vscode-insiders\extensions\redhat.java-1.53.0-win32-x64\jre\21.0.10-win32-x86_64\bin\management.dll
0x00007fffd4570000 - 0x00007fffd457c000 	C:\Users\omera\.vscode-insiders\extensions\redhat.java-1.53.0-win32-x64\jre\21.0.10-win32-x86_64\bin\management_ext.dll
0x00007fffd3780000 - 0x00007fffd3789000 	C:\Users\omera\.vscode-insiders\extensions\redhat.java-1.53.0-win32-x64\jre\21.0.10-win32-x86_64\bin\extnet.dll

JVMTI agents:
c:\Users\omera\.vscode-insiders\extensions\redhat.java-1.53.0-win32-x64\lombok\lombok-1.18.39-4050.jar path:c:\Users\omera\.vscode-insiders\extensions\redhat.java-1.53.0-win32-x64\jre\21.0.10-win32-x86_64\bin\instrument.dll, loaded, initialized, instrumentlib options:none

dbghelp: loaded successfully - version: 4.0.5 - missing functions: none
symbol engine: initialized successfully - sym options: 0x614 - pdb path: .;c:\Users\omera\.vscode-insiders\extensions\redhat.java-1.53.0-win32-x64\jre\21.0.10-win32-x86_64\bin;C:\Windows\SYSTEM32;C:\Windows\WinSxS\amd64_microsoft.windows.common-controls_6595b64144ccf1df_6.0.22621.6060_none_2712eda17382d24b;C:\Program Files\Windhawk\Engine\1.7.3\64;C:\ProgramData\Windhawk\Engine\Mods\64;c:\Users\omera\.vscode-insiders\extensions\redhat.java-1.53.0-win32-x64\jre\21.0.10-win32-x86_64\bin\server;C:\Users\omera\AppData\Roaming\Code - Insiders\User\globalStorage\redhat.java\1.53.0\config_win\org.eclipse.equinox.launcher\org.eclipse.equinox.launcher.win32.win32.x86_64_1.3.0.v20260203-2149;C:\Users\omera\AppData\Local\Temp\jna-105858742;C:\Users\omera\.gradle\native\c067742578af261105cb4f569cf0c3c89f3d7b1fecec35dd04571415982c5e48\windows-amd64

VM Arguments:
jvm_args: --add-modules=ALL-SYSTEM --add-opens=java.base/java.util=ALL-UNNAMED --add-opens=java.base/java.lang=ALL-UNNAMED --add-opens=java.base/sun.nio.fs=ALL-UNNAMED -Declipse.application=org.eclipse.jdt.ls.core.id1 -Dosgi.bundles.defaultStartLevel=4 -Declipse.product=org.eclipse.jdt.ls.core.product -Djava.import.generatesMetadataFilesAtProjectRoot=false -DDetectVMInstallationsJob.disabled=true -Dfile.encoding=utf8 -XX:+UseParallelGC -XX:GCTimeRatio=4 -XX:AdaptiveSizePolicyWeight=90 -Dsun.zip.disableMemoryMapping=true -Xmx2G -Xms100m -Xlog:disable -javaagent:c:\Users\omera\.vscode-insiders\extensions\redhat.java-1.53.0-win32-x64\lombok\lombok-1.18.39-4050.jar -XX:+HeapDumpOnOutOfMemoryError -XX:HeapDumpPath=c:\Users\omera\AppData\Roaming\Code - Insiders\User\workspaceStorage\287269be63850c600b03aaed9f2c589c\redhat.java -Daether.dependencyCollector.impl=bf -Djdt.core.sharedIndexLocation=C:\Users\omera\AppData\Roaming\.jdt\index -XX:+UnlockDiagnosticVMOptions -XX:+AllowArchivingWithJavaAgent -XX:+AutoCreateSharedArchive -XX:SharedArchiveFile=c:\Users\omera\AppData\Roaming\Code - Insiders\User\globalStorage\redhat.java\1.53.0\jdtls.jsa 
java_command: c:\Users\omera\.vscode-insiders\extensions\redhat.java-1.53.0-win32-x64\server\plugins\org.eclipse.equinox.launcher_1.7.100.v20251111-0406.jar -configuration c:\Users\omera\AppData\Roaming\Code - Insiders\User\globalStorage\redhat.java\1.53.0\config_win -data c:\Users\omera\AppData\Roaming\Code - Insiders\User\workspaceStorage\287269be63850c600b03aaed9f2c589c\redhat.java\jdt_ws --pipe=\\.\pipe\lsp-2019c30338a54f9a3a374d888e6deb73-sock
java_class_path (initial): c:\Users\omera\.vscode-insiders\extensions\redhat.java-1.53.0-win32-x64\server\plugins\org.eclipse.equinox.launcher_1.7.100.v20251111-0406.jar
Launcher Type: SUN_STANDARD

[Global flags]
    uintx AdaptiveSizePolicyWeight                 = 90                                        {product} {command line}
     bool AllowArchivingWithJavaAgent              = true                             {JVMCI diagnostic} {command line}
     bool AutoCreateSharedArchive                  = true                                {JVMCI product} {command line}
     intx CICompilerCount                          = 4                                         {product} {ergonomic}
    uintx GCTimeRatio                              = 4                                         {product} {command line}
     bool HeapDumpOnOutOfMemoryError               = true                                   {manageable} {command line}
    ccstr HeapDumpPath                             = c:\Users\omera\AppData\Roaming\Code - Insiders\User\workspaceStorage\287269be63850c600b03aaed9f2c589c\redhat.java         {manageable} {command line}
   size_t InitialHeapSize                          = 104857600                                 {product} {command line}
   size_t MaxHeapSize                              = 2147483648                                {product} {command line}
   size_t MaxNewSize                               = 715653120                                 {product} {ergonomic}
   size_t MinHeapDeltaBytes                        = 524288                                    {product} {ergonomic}
   size_t MinHeapSize                              = 104857600                                 {product} {command line}
   size_t NewSize                                  = 34603008                                  {product} {ergonomic}
    uintx NonNMethodCodeHeapSize                   = 5839372                                {pd product} {ergonomic}
    uintx NonProfiledCodeHeapSize                  = 122909434                              {pd product} {ergonomic}
   size_t OldSize                                  = 70254592                                  {product} {ergonomic}
    uintx ProfiledCodeHeapSize                     = 122909434                              {pd product} {ergonomic}
    uintx ReservedCodeCacheSize                    = 251658240                              {pd product} {ergonomic}
     bool SegmentedCodeCache                       = true                                      {product} {ergonomic}
    ccstr SharedArchiveFile                        =                                     {JVMCI product} {command line}
   size_t SoftMaxHeapSize                          = 2147483648                             {manageable} {ergonomic}
     bool UnlockDiagnosticVMOptions                = true                                   {diagnostic} {command line}
     bool UseCompressedOops                        = true                           {product lp64_product} {ergonomic}
     bool UseLargePagesIndividualAllocation        = false                                  {pd product} {ergonomic}
     bool UseParallelGC                            = true                                      {product} {command line}

Logging:
Log output configuration:
 #0: stdout all=off uptime,level,tags foldmultilines=false
 #1: stderr all=off uptime,level,tags foldmultilines=false

Release file:
JAVA_VERSION="21.0.10" 
MODULES="java.base java.compiler java.datatransfer java.xml java.prefs java.desktop java.instrument java.logging java.management java.security.sasl java.naming java.rmi java.management.rmi java.net.http java.scripting java.security.jgss java.transaction.xa java.sql java.sql.rowset java.xml.crypto java.se java.smartcardio jdk.accessibility jdk.internal.jvmstat jdk.attach jdk.charsets jdk.internal.opt jdk.zipfs jdk.compiler jdk.crypto.ec jdk.crypto.cryptoki jdk.crypto.mscapi jdk.dynalink jdk.internal.ed jdk.editpad jdk.hotspot.agent jdk.httpserver jdk.internal.le jdk.internal.vm.ci jdk.internal.vm.compiler jdk.internal.vm.compiler.management jdk.jartool jdk.javadoc jdk.jcmd jdk.management jdk.management.agent jdk.jconsole jdk.jdeps jdk.jdwp.agent jdk.jdi jdk.jfr jdk.jshell jdk.jsobject jdk.jstatd jdk.localedata jdk.management.jfr jdk.naming.dns jdk.naming.rmi jdk.net jdk.nio.mapmode jdk.random jdk.sctp jdk.security.auth jdk.security.jgss jdk.unsupported jdk.unsupported.desktop jdk.xml.dom" 

Environment Variables:
JAVA_HOME=C:\Program Files\Java\jdk-21
PATH=C:\Program Files\Microsoft\jdk-17.0.11.9-hotspot\bin;C:\Python312\Scripts\;C:\Python312\;C:\Program Files\Common Files\Oracle\Java\javapath;C:\Program Files (x86)\Common Files\Oracle\Java\java8path;C:\Program Files (x86)\Common Files\Oracle\Java\javapath;C:\Program Files (x86)\Common Files\Intel\Shared Libraries\redist\intel64\compiler;C:\Windows\system32;C:\Windows;C:\Windows\System32\Wbem;C:\Windows\System32\WindowsPowerShell\v1.0\;C:\Windows\System32\OpenSSH\;C:\Program Files (x86)\NVIDIA Corporation\PhysX\Common;C:\Program Files\Git\cmd;C:\MinGW\bin;C:\Program Files\dotnet\;C:\ProgramData\chocolatey\bin;C:\Windows\system32;C:\Windows;C:\Windows\System32\Wbem;C:\Windows\System32\WindowsPowerShell\v1.0\;C:\Windows\System32\OpenSSH\;C:\Program Files\Microsoft\jdk-17.0.11.9-hotspot\\bin;C:\Users\omera\AppData\Local\Pub\Cache\bin;C:\Program Files\Mullvad VPN\resources;C:\Program Files\Cloudflare\Cloudflare WARP\;C:\Program Files\NVIDIA Corporation\NVIDIA app\NvDLISR;C:\Program Files\Crucial\Crucial Storage Executive;C:\Program Files\nodejs\;C:\Program Files (x86)\Microsoft SQL Server\160\Tools\Binn\;C:\Program Files\Microsoft SQL Server\160\Tools\Binn\;C:\Program Files\Microsoft SQL Server\Client SDK\ODBC\170\Tools\Binn\;C:\Program Files\Microsoft SQL Server\160\DTS\Binn\;C:\Program Files\Microsoft SQL Server\150\Tools\Binn\;C:\Program Files\Tailscale\;C:\Program Files\MySQL\MySQL Shell 8.0\bin\;C:\Users\omera\AppData\Local\Microsoft\WindowsApps;C:\Users\omera\AppData\Local\Programs\Microsoft VS Code\bin;C:\Users\omera\AppData\Local\GitHubDesktop\bin;C:\Users\omera\AppData\Local\Programs\Microsoft VS Code Insiders\bin;C:\src\flutter\bin;C:\Users\omera\.dotnet\tools;C:\tools\dart-sdk\bin;C:\Users\omera\AppData\Roaming\Pub\Cache\bin;C:\src\flutter3.7.0\bin;C:\src\flutter3.3.10\bin;C:\Users\omera\AppData\Local\Android\Sdk\platform-tools;C:\Users\omera\AppData\Local\Microsoft\WinGet\Links;C:\Users\omera\AppData\Roaming\Python\Python312\Scripts;C:\Users\All Users\miniconda3;C:\Users\All Users\miniconda3\Scripts;C:\Users\omera\AppData\Roaming\npm;C:\intelFPGA_lite\24.1std\questa_fse\win64
USERNAME=omera
OS=Windows_NT
PROCESSOR_IDENTIFIER=AMD64 Family 25 Model 80 Stepping 0, AuthenticAMD
TMP=C:\Users\omera\AppData\Local\Temp
TEMP=C:\Users\omera\AppData\Local\Temp




Periodic native trim disabled

---------------  S Y S T E M  ---------------

OS:
 Windows 11 , 64 bit Build 22621 (10.0.22621.5415)
OS uptime: 6 days 0:28 hours
Hyper-V role detected

CPU: total 12 (initial active 12) (12 cores per cpu, 2 threads per core) family 25 model 80 stepping 0 microcode 0x0, cx8, cmov, fxsr, ht, mmx, 3dnowpref, sse, sse2, sse3, ssse3, sse4a, sse4.1, sse4.2, popcnt, lzcnt, tsc, tscinvbit, avx, avx2, aes, erms, clmul, bmi1, bmi2, adx, sha, fma, vzeroupper, clflush, clflushopt, hv, rdtscp, rdpid, fsrm, f16c, cet_ss
Processor Information for the first 12 processors :
  Max Mhz: 3301, Current Mhz: 3301, Mhz Limit: 3301

Memory: 4k page, system-wide physical 15711M (409M free)
TotalPageFile size 55711M (AvailPageFile size 162M)
current process WorkingSet (physical memory assigned to process): 324M, peak: 329M
current process commit charge ("private bytes"): 426M, peak: 431M

vm_info: OpenJDK 64-Bit Server VM (21.0.10+7-LTS) for windows-amd64 JRE (21.0.10+7-LTS), built on 2026-01-20T00:00:00Z by "admin" with MS VC++ 17.12 (VS2022)

END.
