#
# There is insufficient memory for the Java Runtime Environment to continue.
# Native memory allocation (malloc) failed to allocate 1048576 bytes. Error detail: AllocateHeap
# Possible reasons:
#   The system is out of physical RAM or swap space
#   This process is running with CompressedOops enabled, and the Java Heap may be blocking the growth of the native heap
# Possible solutions:
#   Reduce memory load on the system
#   Increase physical memory or swap space
#   Check if swap backing store is full
#   Decrease Java heap size (-Xmx/-Xms)
#   Decrease number of Java threads
#   Decrease Java thread stack sizes (-Xss)
#   Set larger code cache with -XX:ReservedCodeCacheSize=
#   JVM is running with Unscaled Compressed Oops mode in which the Java heap is
#     placed in the first 4GB address space. The Java Heap base address is the
#     maximum limit for the native heap growth. Please use -XX:HeapBaseMinAddress
#     to set the Java Heap base and to place the Java Heap above 4GB virtual address.
# This output file may be truncated or incomplete.
#
#  Out of Memory Error (allocation.cpp:44), pid=42196, tid=34860
#
# JRE version: OpenJDK Runtime Environment Temurin-21.0.10+7 (21.0.10+7) (build 21.0.10+7-LTS)
# Java VM: OpenJDK 64-Bit Server VM Temurin-21.0.10+7 (21.0.10+7-LTS, mixed mode, sharing, tiered, compressed oops, compressed class ptrs, parallel gc, windows-amd64)
# No core dump will be written. Minidumps are not enabled by default on client versions of Windows
#

---------------  S U M M A R Y ------------

Command Line: --add-modules=ALL-SYSTEM --add-opens=java.base/java.util=ALL-UNNAMED --add-opens=java.base/java.lang=ALL-UNNAMED --add-opens=java.base/sun.nio.fs=ALL-UNNAMED -Declipse.application=org.eclipse.jdt.ls.core.id1 -Dosgi.bundles.defaultStartLevel=4 -Declipse.product=org.eclipse.jdt.ls.core.product -Djava.import.generatesMetadataFilesAtProjectRoot=false -DDetectVMInstallationsJob.disabled=true -Dfile.encoding=utf8 -XX:+UseParallelGC -XX:GCTimeRatio=4 -XX:AdaptiveSizePolicyWeight=90 -Dsun.zip.disableMemoryMapping=true -Xmx2G -Xms100m -Xlog:disable -javaagent:c:\Users\omera\.vscode-insiders\extensions\redhat.java-1.53.0-win32-x64\lombok\lombok-1.18.39-4050.jar -XX:+HeapDumpOnOutOfMemoryError -XX:HeapDumpPath=c:\Users\omera\AppData\Roaming\Code - Insiders\User\workspaceStorage\287269be63850c600b03aaed9f2c589c\redhat.java -Daether.dependencyCollector.impl=bf -Djdt.core.sharedIndexLocation=C:\Users\omera\AppData\Roaming\.jdt\index -XX:+UnlockDiagnosticVMOptions -XX:+AllowArchivingWithJavaAgent -XX:+AutoCreateSharedArchive -XX:SharedArchiveFile=c:\Users\omera\AppData\Roaming\Code - Insiders\User\globalStorage\redhat.java\1.53.0\jdtls.jsa c:\Users\omera\.vscode-insiders\extensions\redhat.java-1.53.0-win32-x64\server\plugins\org.eclipse.equinox.launcher_1.7.100.v20251111-0406.jar -configuration c:\Users\omera\AppData\Roaming\Code - Insiders\User\globalStorage\redhat.java\1.53.0\config_win -data c:\Users\omera\AppData\Roaming\Code - Insiders\User\workspaceStorage\287269be63850c600b03aaed9f2c589c\redhat.java\jdt_ws --pipe=\\.\pipe\lsp-7bebe6c0e4c2d85d12f20c10e63867ce-sock

Host: AMD Ryzen 5 5600H with Radeon Graphics         , 12 cores, 15G,  Windows 11 , 64 bit Build 22621 (10.0.22621.5415)
Time: Mon Mar 23 16:12:52 2026 Türkiye Standart Saati elapsed time: 10916.826408 seconds (0d 3h 1m 56s)

---------------  T H R E A D  ---------------

Current thread (0x00000194e4285b10):  JavaThread "Attach Listener" daemon [_thread_in_vm, id=34860, stack(0x00000016df200000,0x00000016df300000) (1024K)]

Stack: [0x00000016df200000,0x00000016df300000]
Native frames: (J=compiled Java code, j=interpreted, Vv=VM code, C=native code)
V  [jvm.dll+0x6d7a39]
V  [jvm.dll+0x8b4b26]
V  [jvm.dll+0x8b70de]
V  [jvm.dll+0x8b77c3]
V  [jvm.dll+0x284346]
V  [jvm.dll+0xc1277]
V  [jvm.dll+0x6d82e9]
V  [jvm.dll+0x1334a6]
V  [jvm.dll+0x3f857e]
V  [jvm.dll+0x85f59d]
V  [jvm.dll+0x6d626d]
C  [ucrtbase.dll+0x29333]
C  [KERNEL32.DLL+0x1259d]
C  [ntdll.dll+0x5af78]


---------------  P R O C E S S  ---------------

Threads class SMR info:
_java_thread_list=0x00000194eb94f5d0, length=45, elements={
0x00000194891a8200, 0x000001948b9194b0, 0x000001948b91db40, 0x00000194e4283fa0,
0x00000194e4285b10, 0x00000194e4287840, 0x00000194e428a620, 0x00000194e428b3b0,
0x00000194e42a53d0, 0x00000194e445af30, 0x00000194e450d000, 0x00000194e5dd6750,
0x00000194e5d8ebd0, 0x00000194e5d8deb0, 0x00000194e5d8c470, 0x00000194e5d8d820,
0x00000194ea9ceaa0, 0x00000194ea9cd6f0, 0x00000194ea9cf7c0, 0x00000194ea9d04e0,
0x00000194ea9cdd80, 0x00000194ea9cc340, 0x00000194ea9cd060, 0x00000194ea9ce410,
0x00000194ea9d1890, 0x00000194ea9d1f20, 0x00000194ea9d25b0, 0x00000194ea9cb620,
0x00000194eacbd600, 0x00000194eacbbbc0, 0x00000194eacbe320, 0x00000194eacb80b0,
0x00000194eacb9460, 0x00000194eacbdc90, 0x00000194eacbc250, 0x00000194eacbb530,
0x00000194e5d8d190, 0x00000194eacb8740, 0x00000194eacb8dd0, 0x00000194eacb9af0,
0x00000194eacba180, 0x00000194e5d8f260, 0x00000194e5d8f8f0, 0x00000194ea9d0b70,
0x00000194ea9cc9d0
}

Java Threads: ( => current thread )
  0x00000194891a8200 JavaThread "main"                              [_thread_blocked, id=44172, stack(0x00000016deb00000,0x00000016dec00000) (1024K)]
  0x000001948b9194b0 JavaThread "Reference Handler"          daemon [_thread_blocked, id=27240, stack(0x00000016def00000,0x00000016df000000) (1024K)]
  0x000001948b91db40 JavaThread "Finalizer"                  daemon [_thread_blocked, id=47728, stack(0x00000016df000000,0x00000016df100000) (1024K)]
  0x00000194e4283fa0 JavaThread "Signal Dispatcher"          daemon [_thread_blocked, id=2604, stack(0x00000016df100000,0x00000016df200000) (1024K)]
=>0x00000194e4285b10 JavaThread "Attach Listener"            daemon [_thread_in_vm, id=34860, stack(0x00000016df200000,0x00000016df300000) (1024K)]
  0x00000194e4287840 JavaThread "Service Thread"             daemon [_thread_blocked, id=52524, stack(0x00000016df300000,0x00000016df400000) (1024K)]
  0x00000194e428a620 JavaThread "Monitor Deflation Thread"   daemon [_thread_blocked, id=53048, stack(0x00000016df400000,0x00000016df500000) (1024K)]
  0x00000194e428b3b0 JavaThread "C2 CompilerThread0"         daemon [_thread_blocked, id=15764, stack(0x00000016df500000,0x00000016df600000) (1024K)]
  0x00000194e42a53d0 JavaThread "C1 CompilerThread0"         daemon [_thread_blocked, id=53216, stack(0x00000016df600000,0x00000016df700000) (1024K)]
  0x00000194e445af30 JavaThread "Common-Cleaner"             daemon [_thread_blocked, id=50600, stack(0x00000016df700000,0x00000016df800000) (1024K)]
  0x00000194e450d000 JavaThread "Notification Thread"        daemon [_thread_blocked, id=32720, stack(0x00000016df800000,0x00000016df900000) (1024K)]
  0x00000194e5dd6750 JavaThread "Active Thread: Equinox Container: 58ad9b13-9eca-40c6-a335-516aa78289bb"        [_thread_blocked, id=5272, stack(0x00000016e0600000,0x00000016e0700000) (1024K)]
  0x00000194e5d8ebd0 JavaThread "Framework Event Dispatcher: Equinox Container: 58ad9b13-9eca-40c6-a335-516aa78289bb" daemon [_thread_blocked, id=21916, stack(0x00000016e0700000,0x00000016e0800000) (1024K)]
  0x00000194e5d8deb0 JavaThread "Start Level: Equinox Container: 58ad9b13-9eca-40c6-a335-516aa78289bb" daemon [_thread_blocked, id=3932, stack(0x00000016e0800000,0x00000016e0900000) (1024K)]
  0x00000194e5d8c470 JavaThread "Bundle File Closer"         daemon [_thread_blocked, id=15344, stack(0x00000016e0a00000,0x00000016e0b00000) (1024K)]
  0x00000194e5d8d820 JavaThread "Refresh Thread: Equinox Container: 58ad9b13-9eca-40c6-a335-516aa78289bb" daemon [_thread_blocked, id=16228, stack(0x00000016e0b00000,0x00000016e0c00000) (1024K)]
  0x00000194ea9ceaa0 JavaThread "SCR Component Actor"        daemon [_thread_blocked, id=48112, stack(0x00000016e1400000,0x00000016e1500000) (1024K)]
  0x00000194ea9cd6f0 JavaThread "Worker-JM"                         [_thread_blocked, id=52164, stack(0x00000016e1500000,0x00000016e1600000) (1024K)]
  0x00000194ea9cf7c0 JavaThread "Java indexing"              daemon [_thread_blocked, id=43312, stack(0x00000016e1800000,0x00000016e1900000) (1024K)]
  0x00000194ea9d04e0 JavaThread "JNA Cleaner"                daemon [_thread_blocked, id=48124, stack(0x00000016e1900000,0x00000016e1a00000) (1024K)]
  0x00000194ea9cdd80 JavaThread "Thread-1"                   daemon [_thread_in_native, id=54516, stack(0x00000016e2000000,0x00000016e2100000) (1024K)]
  0x00000194ea9cc340 JavaThread "Thread-2"                   daemon [_thread_in_native, id=32432, stack(0x00000016e2100000,0x00000016e2200000) (1024K)]
  0x00000194ea9cd060 JavaThread "Thread-3"                   daemon [_thread_in_native, id=29224, stack(0x00000016e2200000,0x00000016e2300000) (1024K)]
  0x00000194ea9ce410 JavaThread "Thread-4"                   daemon [_thread_in_native, id=41728, stack(0x00000016e2300000,0x00000016e2400000) (1024K)]
  0x00000194ea9d1890 JavaThread "Thread-5"                   daemon [_thread_in_native, id=30920, stack(0x00000016e2400000,0x00000016e2500000) (1024K)]
  0x00000194ea9d1f20 JavaThread "Thread-6"                   daemon [_thread_in_native, id=41400, stack(0x00000016e2500000,0x00000016e2600000) (1024K)]
  0x00000194ea9d25b0 JavaThread "Thread-7"                   daemon [_thread_in_native, id=46648, stack(0x00000016e2600000,0x00000016e2700000) (1024K)]
  0x00000194ea9cb620 JavaThread "Thread-8"                   daemon [_thread_in_native, id=3168, stack(0x00000016e2700000,0x00000016e2800000) (1024K)]
  0x00000194eacbd600 JavaThread "Thread-9"                   daemon [_thread_in_native, id=27740, stack(0x00000016e2800000,0x00000016e2900000) (1024K)]
  0x00000194eacbbbc0 JavaThread "Thread-10"                  daemon [_thread_in_native, id=47276, stack(0x00000016e2900000,0x00000016e2a00000) (1024K)]
  0x00000194eacbe320 JavaThread "Thread-11"                  daemon [_thread_in_native, id=6488, stack(0x00000016e2a00000,0x00000016e2b00000) (1024K)]
  0x00000194eacb80b0 JavaThread "Thread-12"                  daemon [_thread_in_native, id=51492, stack(0x00000016e2b00000,0x00000016e2c00000) (1024K)]
  0x00000194eacb9460 JavaThread "Thread-13"                  daemon [_thread_in_native, id=47212, stack(0x00000016e2c00000,0x00000016e2d00000) (1024K)]
  0x00000194eacbdc90 JavaThread "pool-2-thread-1"                   [_thread_blocked, id=25128, stack(0x00000016e2d00000,0x00000016e2e00000) (1024K)]
  0x00000194eacbc250 JavaThread "WorkspaceEventsHandler"            [_thread_blocked, id=53412, stack(0x00000016e2f00000,0x00000016e3000000) (1024K)]
  0x00000194eacbb530 JavaThread "pool-1-thread-1"                   [_thread_blocked, id=45284, stack(0x00000016e3000000,0x00000016e3100000) (1024K)]
  0x00000194e5d8d190 JavaThread "Timer-0"                           [_thread_blocked, id=24048, stack(0x00000016e0000000,0x00000016e0100000) (1024K)]
  0x00000194eacb8740 JavaThread "Timer-1"                           [_thread_blocked, id=5904, stack(0x00000016e0200000,0x00000016e0300000) (1024K)]
  0x00000194eacb8dd0 JavaThread "Timer-2"                           [_thread_blocked, id=48292, stack(0x00000016e0300000,0x00000016e0400000) (1024K)]
  0x00000194eacb9af0 JavaThread "Timer-3"                           [_thread_blocked, id=40256, stack(0x00000016e0500000,0x00000016e0600000) (1024K)]
  0x00000194eacba180 JavaThread "Timer-4"                           [_thread_blocked, id=54652, stack(0x00000016e0900000,0x00000016e0a00000) (1024K)]
  0x00000194e5d8f260 JavaThread "Timer-5"                           [_thread_blocked, id=47840, stack(0x00000016de700000,0x00000016de800000) (1024K)]
  0x00000194e5d8f8f0 JavaThread "Timer-6"                           [_thread_blocked, id=28360, stack(0x00000016de900000,0x00000016dea00000) (1024K)]
  0x00000194ea9d0b70 JavaThread "Worker-7"                          [_thread_blocked, id=39424, stack(0x00000016de800000,0x00000016de900000) (1024K)]
  0x00000194ea9cc9d0 JavaThread "Worker-10"                         [_thread_blocked, id=44992, stack(0x00000016e0100000,0x00000016e0200000) (1024K)]
Total: 45

Other Threads:
  0x000001948b902320 VMThread "VM Thread"                           [id=53112, stack(0x00000016dee00000,0x00000016def00000) (1024K)]
  0x000001948b7fca00 WatcherThread "VM Periodic Task Thread"        [id=33232, stack(0x00000016ded00000,0x00000016dee00000) (1024K)]
  0x000001948b9cb9a0 WorkerThread "GC Thread#0"                     [id=45484, stack(0x00000016dec00000,0x00000016ded00000) (1024K)]
  0x00000194e5971310 WorkerThread "GC Thread#1"                     [id=37120, stack(0x00000016dfa00000,0x00000016dfb00000) (1024K)]
  0x00000194e59716c0 WorkerThread "GC Thread#2"                     [id=54040, stack(0x00000016dfb00000,0x00000016dfc00000) (1024K)]
  0x00000194e5dcf0f0 WorkerThread "GC Thread#3"                     [id=23188, stack(0x00000016dfc00000,0x00000016dfd00000) (1024K)]
  0x00000194e5dcf4a0 WorkerThread "GC Thread#4"                     [id=54068, stack(0x00000016dfd00000,0x00000016dfe00000) (1024K)]
  0x00000194e5dcf850 WorkerThread "GC Thread#5"                     [id=45884, stack(0x00000016dfe00000,0x00000016dff00000) (1024K)]
  0x00000194e5dcfc00 WorkerThread "GC Thread#6"                     [id=44728, stack(0x00000016dff00000,0x00000016e0000000) (1024K)]
  0x00000194e5bac970 WorkerThread "GC Thread#7"                     [id=1464, stack(0x00000016df900000,0x00000016dfa00000) (1024K)]
  0x00000194ea549930 WorkerThread "GC Thread#8"                     [id=292, stack(0x00000016e1200000,0x00000016e1300000) (1024K)]
  0x00000194eac3fcb0 WorkerThread "GC Thread#9"                     [id=39720, stack(0x00000016e1300000,0x00000016e1400000) (1024K)]
Total: 12

Threads with active compile tasks:
Total: 0

VM state: not at safepoint (normal execution)

VM Mutex/Monitor currently owned by a thread: None

Heap address: 0x0000000080000000, size: 2048 MB, Compressed Oops mode: 32-bit

CDS archive(s) mapped at: [0x00000194a3000000-0x00000194a3ba0000-0x00000194a3ba0000), size 12189696, SharedBaseAddress: 0x00000194a3000000, ArchiveRelocationMode: 1.
Compressed class space mapped at: 0x00000194a4000000-0x00000194e4000000, reserved size: 1073741824
Narrow klass base: 0x00000194a3000000, Narrow klass shift: 0, Narrow klass range: 0x100000000

GC Precious Log:
 CardTable entry size: 512
 CPUs: 12 total, 12 available
 Memory: 15711M
 Large Page Support: Disabled
 NUMA Support: Disabled
 Compressed Oops: Enabled (32-bit)
 Alignments: Space 512K, Generation 512K, Heap 2M
 Heap Min Capacity: 100M
 Heap Initial Capacity: 100M
 Heap Max Capacity: 2G
 Pre-touch: Disabled
 Parallel Workers: 10

Heap:
 PSYoungGen      total 12800K, used 9923K [0x00000000d5580000, 0x00000000d6500000, 0x0000000100000000)
  eden space 12288K, 78% used [0x00000000d5580000,0x00000000d5ee0cd8,0x00000000d6180000)
  from space 512K, 62% used [0x00000000d6480000,0x00000000d64d0000,0x00000000d6500000)
  to   space 512K, 0% used [0x00000000d6400000,0x00000000d6400000,0x00000000d6480000)
 ParOldGen       total 80896K, used 80298K [0x0000000080000000, 0x0000000084f00000, 0x00000000d5580000)
  object space 80896K, 99% used [0x0000000080000000,0x0000000084e6ab58,0x0000000084f00000)
 Metaspace       used 90465K, committed 91904K, reserved 1179648K
  class space    used 9920K, committed 10560K, reserved 1048576K

Card table byte_map: [0x000001948b310000,0x000001948b720000] _byte_map_base: 0x000001948af10000

Marking Bits: (ParMarkBitMap*) 0x00007ffeb9183450
 Begin Bits: [0x000001949de20000, 0x000001949fe20000)
 End Bits:   [0x000001949fe20000, 0x00000194a1e20000)

Polling page: 0x0000019489480000

Metaspace:

Usage:
  Non-class:     78.66 MB used.
      Class:      9.69 MB used.
       Both:     88.35 MB used.

Virtual space:
  Non-class space:      128.00 MB reserved,      79.44 MB ( 62%) committed,  2 nodes.
      Class space:        1.00 GB reserved,      10.31 MB (  1%) committed,  1 nodes.
             Both:        1.12 GB reserved,      89.75 MB (  8%) committed. 

Chunk freelists:
   Non-Class:  295.00 KB
       Class:  5.66 MB
        Both:  5.94 MB

MaxMetaspaceSize: unlimited
CompressedClassSpaceSize: 1.00 GB
Initial GC threshold: 21.00 MB
Current GC threshold: 97.31 MB
CDS: on
 - commit_granule_bytes: 65536.
 - commit_granule_words: 8192.
 - virtual_space_node_default_size: 8388608.
 - enlarge_chunks_in_place: 1.
 - use_allocation_guard: 0.


Internal statistics:

num_allocs_failed_limit: 9.
num_arena_births: 1386.
num_arena_deaths: 24.
num_vsnodes_births: 3.
num_vsnodes_deaths: 0.
num_space_committed: 1436.
num_space_uncommitted: 0.
num_chunks_returned_to_freelist: 37.
num_chunks_taken_from_freelist: 5119.
num_chunk_merges: 11.
num_chunk_splits: 3391.
num_chunks_enlarged: 2216.
num_inconsistent_stats: 0.

CodeHeap 'non-profiled nmethods': size=120000Kb used=9986Kb max_used=9986Kb free=110013Kb
 bounds [0x0000019496640000, 0x0000019497010000, 0x000001949db70000]
CodeHeap 'profiled nmethods': size=120000Kb used=24443Kb max_used=24443Kb free=95556Kb
 bounds [0x000001948eb70000, 0x0000019490350000, 0x00000194960a0000]
CodeHeap 'non-nmethods': size=5760Kb used=1480Kb max_used=1522Kb free=4279Kb
 bounds [0x00000194960a0000, 0x0000019496310000, 0x0000019496640000]
CodeCache: size=245760Kb, used=35909Kb, max_used=35951Kb, free=209848Kb
 total_blobs=12341, nmethods=11540, adapters=707, full_count=0
Compilation: enabled, stopped_count=0, restarted_count=0

Compilation events (20 events):
Event: 7411.739 Thread 0x00000194e42a53d0 12356   !   3       org.eclipse.osgi.container.ModuleDatabase::getTimestamp (25 bytes)
Event: 7411.755 Thread 0x00000194e42a53d0 nmethod 12356 0x0000019490346b90 code [0x0000019490346de0, 0x0000019490347728]
Event: 7462.725 Thread 0x00000194e428b3b0 12357   !   4       java.util.concurrent.locks.LockSupport::parkNanos (56 bytes)
Event: 7462.729 Thread 0x00000194e428b3b0 nmethod 12357 0x0000019497000190 code [0x0000019497000340, 0x00000194970004b8]
Event: 7501.742 Thread 0x00000194e42a53d0 12358       3       org.eclipse.osgi.storage.Storage::isReadOnly (10 bytes)
Event: 7501.746 Thread 0x00000194e42a53d0 nmethod 12358 0x0000019490347b90 code [0x0000019490347d40, 0x0000019490347ec0]
Event: 7681.747 Thread 0x00000194e42a53d0 12359   !   3       org.eclipse.osgi.internal.framework.StorageSaver$StorageSaverTask::run (31 bytes)
Event: 7681.767 Thread 0x00000194e42a53d0 nmethod 12359 0x0000019490347f90 code [0x0000019490348160, 0x00000194903483e0]
Event: 7681.767 Thread 0x00000194e42a53d0 12360   !   3       org.eclipse.osgi.storage.Storage::save (62 bytes)
Event: 7681.769 Thread 0x00000194e42a53d0 nmethod 12360 0x0000019490348590 code [0x0000019490348780, 0x0000019490348af0]
Event: 7681.769 Thread 0x00000194e42a53d0 12361   !   3       org.eclipse.osgi.storage.Storage::save0 (246 bytes)
Event: 7681.788 Thread 0x00000194e42a53d0 nmethod 12361 0x0000019490348c90 code [0x00000194903491a0, 0x000001949034bd88]
Event: 8310.887 Thread 0x00000194e42a53d0 12362       3       java.util.logging.Logger::getLogger (8 bytes)
Event: 8310.893 Thread 0x00000194e42a53d0 nmethod 12362 0x000001949034d310 code [0x000001949034d4e0, 0x000001949034d6a0]
Event: 8310.893 Thread 0x00000194e42a53d0 12363       3       java.util.logging.Logger::getLogger (7 bytes)
Event: 8310.893 Thread 0x00000194e42a53d0 nmethod 12363 0x000001949034d790 code [0x000001949034d940, 0x000001949034da68]
Event: 8310.893 Thread 0x00000194e42a53d0 12364       3       java.util.logging.Logger::demandLogger (36 bytes)
Event: 8310.906 Thread 0x00000194e42a53d0 nmethod 12364 0x000001949034db10 code [0x000001949034dda0, 0x000001949034e850]
Event: 10653.042 Thread 0x00000194e428b3b0 12365       4       java.util.concurrent.locks.AbstractQueuedSynchronizer$Node::clearStatus (12 bytes)
Event: 10653.047 Thread 0x00000194e428b3b0 nmethod 12365 0x0000019497000610 code [0x00000194970007a0, 0x0000019497000830]

GC Heap History (20 events):
Event: 1756.597 GC heap before
{Heap before GC invocations=414 (full 3):
 PSYoungGen      total 15360K, used 14930K [0x00000000d5580000, 0x00000000d6980000, 0x0000000100000000)
  eden space 12288K, 100% used [0x00000000d5580000,0x00000000d6180000,0x00000000d6180000)
  from space 3072K, 86% used [0x00000000d6680000,0x00000000d6914a60,0x00000000d6980000)
  to   space 3584K, 0% used [0x00000000d6280000,0x00000000d6280000,0x00000000d6600000)
 ParOldGen       total 76288K, used 75906K [0x0000000080000000, 0x0000000084a80000, 0x00000000d5580000)
  object space 76288K, 99% used [0x0000000080000000,0x0000000084a208a0,0x0000000084a80000)
 Metaspace       used 84795K, committed 86080K, reserved 1179648K
  class space    used 9446K, committed 10048K, reserved 1048576K
}
Event: 1756.600 GC heap after
{Heap after GC invocations=414 (full 3):
 PSYoungGen      total 13312K, used 936K [0x00000000d5580000, 0x00000000d6700000, 0x0000000100000000)
  eden space 12288K, 0% used [0x00000000d5580000,0x00000000d5580000,0x00000000d6180000)
  from space 1024K, 91% used [0x00000000d6280000,0x00000000d636a3b8,0x00000000d6380000)
  to   space 2048K, 0% used [0x00000000d6500000,0x00000000d6500000,0x00000000d6700000)
 ParOldGen       total 77824K, used 77723K [0x0000000080000000, 0x0000000084c00000, 0x00000000d5580000)
  object space 77824K, 99% used [0x0000000080000000,0x0000000084be6eb0,0x0000000084c00000)
 Metaspace       used 84795K, committed 86080K, reserved 1179648K
  class space    used 9446K, committed 10048K, reserved 1048576K
}
Event: 1756.645 GC heap before
{Heap before GC invocations=415 (full 3):
 PSYoungGen      total 13312K, used 13224K [0x00000000d5580000, 0x00000000d6700000, 0x0000000100000000)
  eden space 12288K, 100% used [0x00000000d5580000,0x00000000d6180000,0x00000000d6180000)
  from space 1024K, 91% used [0x00000000d6280000,0x00000000d636a3b8,0x00000000d6380000)
  to   space 2048K, 0% used [0x00000000d6500000,0x00000000d6500000,0x00000000d6700000)
 ParOldGen       total 77824K, used 77723K [0x0000000080000000, 0x0000000084c00000, 0x00000000d5580000)
  object space 77824K, 99% used [0x0000000080000000,0x0000000084be6eb0,0x0000000084c00000)
 Metaspace       used 84801K, committed 86080K, reserved 1179648K
  class space    used 9446K, committed 10048K, reserved 1048576K
}
Event: 1756.646 GC heap after
{Heap after GC invocations=415 (full 3):
 PSYoungGen      total 13312K, used 971K [0x00000000d5580000, 0x00000000d6600000, 0x0000000100000000)
  eden space 12288K, 0% used [0x00000000d5580000,0x00000000d5580000,0x00000000d6180000)
  from space 1024K, 94% used [0x00000000d6500000,0x00000000d65f2ce8,0x00000000d6600000)
  to   space 1536K, 0% used [0x00000000d6300000,0x00000000d6300000,0x00000000d6480000)
 ParOldGen       total 77824K, used 77739K [0x0000000080000000, 0x0000000084c00000, 0x00000000d5580000)
  object space 77824K, 99% used [0x0000000080000000,0x0000000084beaeb0,0x0000000084c00000)
 Metaspace       used 84801K, committed 86080K, reserved 1179648K
  class space    used 9446K, committed 10048K, reserved 1048576K
}
Event: 1756.754 GC heap before
{Heap before GC invocations=416 (full 3):
 PSYoungGen      total 13312K, used 13259K [0x00000000d5580000, 0x00000000d6600000, 0x0000000100000000)
  eden space 12288K, 100% used [0x00000000d5580000,0x00000000d6180000,0x00000000d6180000)
  from space 1024K, 94% used [0x00000000d6500000,0x00000000d65f2ce8,0x00000000d6600000)
  to   space 1536K, 0% used [0x00000000d6300000,0x00000000d6300000,0x00000000d6480000)
 ParOldGen       total 77824K, used 77739K [0x0000000080000000, 0x0000000084c00000, 0x00000000d5580000)
  object space 77824K, 99% used [0x0000000080000000,0x0000000084beaeb0,0x0000000084c00000)
 Metaspace       used 85519K, committed 86848K, reserved 1179648K
  class space    used 9511K, committed 10112K, reserved 1048576K
}
Event: 1756.758 GC heap after
{Heap after GC invocations=416 (full 3):
 PSYoungGen      total 13824K, used 224K [0x00000000d5580000, 0x00000000d6580000, 0x0000000100000000)
  eden space 12288K, 0% used [0x00000000d5580000,0x00000000d5580000,0x00000000d6180000)
  from space 1536K, 14% used [0x00000000d6300000,0x00000000d6338000,0x00000000d6480000)
  to   space 1024K, 0% used [0x00000000d6480000,0x00000000d6480000,0x00000000d6580000)
 ParOldGen       total 77824K, used 77739K [0x0000000080000000, 0x0000000084c00000, 0x00000000d5580000)
  object space 77824K, 99% used [0x0000000080000000,0x0000000084beaeb0,0x0000000084c00000)
 Metaspace       used 85519K, committed 86848K, reserved 1179648K
  class space    used 9511K, committed 10112K, reserved 1048576K
}
Event: 1757.305 GC heap before
{Heap before GC invocations=417 (full 3):
 PSYoungGen      total 13824K, used 12512K [0x00000000d5580000, 0x00000000d6580000, 0x0000000100000000)
  eden space 12288K, 100% used [0x00000000d5580000,0x00000000d6180000,0x00000000d6180000)
  from space 1536K, 14% used [0x00000000d6300000,0x00000000d6338000,0x00000000d6480000)
  to   space 1024K, 0% used [0x00000000d6480000,0x00000000d6480000,0x00000000d6580000)
 ParOldGen       total 77824K, used 77739K [0x0000000080000000, 0x0000000084c00000, 0x00000000d5580000)
  object space 77824K, 99% used [0x0000000080000000,0x0000000084beaeb0,0x0000000084c00000)
 Metaspace       used 86236K, committed 87552K, reserved 1179648K
  class space    used 9602K, committed 10240K, reserved 1048576K
}
Event: 1757.306 GC heap after
{Heap after GC invocations=417 (full 3):
 PSYoungGen      total 12800K, used 320K [0x00000000d5580000, 0x00000000d6500000, 0x0000000100000000)
  eden space 12288K, 0% used [0x00000000d5580000,0x00000000d5580000,0x00000000d6180000)
  from space 512K, 62% used [0x00000000d6480000,0x00000000d64d0000,0x00000000d6500000)
  to   space 512K, 0% used [0x00000000d6400000,0x00000000d6400000,0x00000000d6480000)
 ParOldGen       total 77824K, used 77779K [0x0000000080000000, 0x0000000084c00000, 0x00000000d5580000)
  object space 77824K, 99% used [0x0000000080000000,0x0000000084bf4eb0,0x0000000084c00000)
 Metaspace       used 86236K, committed 87552K, reserved 1179648K
  class space    used 9602K, committed 10240K, reserved 1048576K
}
Event: 1757.786 GC heap before
{Heap before GC invocations=418 (full 3):
 PSYoungGen      total 12800K, used 12608K [0x00000000d5580000, 0x00000000d6500000, 0x0000000100000000)
  eden space 12288K, 100% used [0x00000000d5580000,0x00000000d6180000,0x00000000d6180000)
  from space 512K, 62% used [0x00000000d6480000,0x00000000d64d0000,0x00000000d6500000)
  to   space 512K, 0% used [0x00000000d6400000,0x00000000d6400000,0x00000000d6480000)
 ParOldGen       total 77824K, used 77779K [0x0000000080000000, 0x0000000084c00000, 0x00000000d5580000)
  object space 77824K, 99% used [0x0000000080000000,0x0000000084bf4eb0,0x0000000084c00000)
 Metaspace       used 86975K, committed 88320K, reserved 1179648K
  class space    used 9663K, committed 10304K, reserved 1048576K
}
Event: 1757.788 GC heap after
{Heap after GC invocations=418 (full 3):
 PSYoungGen      total 12800K, used 352K [0x00000000d5580000, 0x00000000d6500000, 0x0000000100000000)
  eden space 12288K, 0% used [0x00000000d5580000,0x00000000d5580000,0x00000000d6180000)
  from space 512K, 68% used [0x00000000d6400000,0x00000000d6458000,0x00000000d6480000)
  to   space 512K, 0% used [0x00000000d6480000,0x00000000d6480000,0x00000000d6500000)
 ParOldGen       total 78336K, used 77955K [0x0000000080000000, 0x0000000084c80000, 0x00000000d5580000)
  object space 78336K, 99% used [0x0000000080000000,0x0000000084c20eb0,0x0000000084c80000)
 Metaspace       used 86975K, committed 88320K, reserved 1179648K
  class space    used 9663K, committed 10304K, reserved 1048576K
}
Event: 1758.275 GC heap before
{Heap before GC invocations=419 (full 3):
 PSYoungGen      total 12800K, used 12640K [0x00000000d5580000, 0x00000000d6500000, 0x0000000100000000)
  eden space 12288K, 100% used [0x00000000d5580000,0x00000000d6180000,0x00000000d6180000)
  from space 512K, 68% used [0x00000000d6400000,0x00000000d6458000,0x00000000d6480000)
  to   space 512K, 0% used [0x00000000d6480000,0x00000000d6480000,0x00000000d6500000)
 ParOldGen       total 78336K, used 77955K [0x0000000080000000, 0x0000000084c80000, 0x00000000d5580000)
  object space 78336K, 99% used [0x0000000080000000,0x0000000084c20eb0,0x0000000084c80000)
 Metaspace       used 88116K, committed 89472K, reserved 1179648K
  class space    used 9747K, committed 10368K, reserved 1048576K
}
Event: 1758.277 GC heap after
{Heap after GC invocations=419 (full 3):
 PSYoungGen      total 12800K, used 483K [0x00000000d5580000, 0x00000000d6500000, 0x0000000100000000)
  eden space 12288K, 0% used [0x00000000d5580000,0x00000000d5580000,0x00000000d6180000)
  from space 512K, 94% used [0x00000000d6480000,0x00000000d64f8c50,0x00000000d6500000)
  to   space 512K, 0% used [0x00000000d6400000,0x00000000d6400000,0x00000000d6480000)
 ParOldGen       total 79360K, used 78928K [0x0000000080000000, 0x0000000084d80000, 0x00000000d5580000)
  object space 79360K, 99% used [0x0000000080000000,0x0000000084d143c0,0x0000000084d80000)
 Metaspace       used 88116K, committed 89472K, reserved 1179648K
  class space    used 9747K, committed 10368K, reserved 1048576K
}
Event: 1821.866 GC heap before
{Heap before GC invocations=420 (full 3):
 PSYoungGen      total 12800K, used 12771K [0x00000000d5580000, 0x00000000d6500000, 0x0000000100000000)
  eden space 12288K, 100% used [0x00000000d5580000,0x00000000d6180000,0x00000000d6180000)
  from space 512K, 94% used [0x00000000d6480000,0x00000000d64f8c50,0x00000000d6500000)
  to   space 512K, 0% used [0x00000000d6400000,0x00000000d6400000,0x00000000d6480000)
 ParOldGen       total 79360K, used 78928K [0x0000000080000000, 0x0000000084d80000, 0x00000000d5580000)
  object space 79360K, 99% used [0x0000000080000000,0x0000000084d143c0,0x0000000084d80000)
 Metaspace       used 89816K, committed 91200K, reserved 1179648K
  class space    used 9912K, committed 10560K, reserved 1048576K
}
Event: 1821.867 GC heap after
{Heap after GC invocations=420 (full 3):
 PSYoungGen      total 12800K, used 495K [0x00000000d5580000, 0x00000000d6500000, 0x0000000100000000)
  eden space 12288K, 0% used [0x00000000d5580000,0x00000000d5580000,0x00000000d6180000)
  from space 512K, 96% used [0x00000000d6400000,0x00000000d647bff8,0x00000000d6480000)
  to   space 512K, 0% used [0x00000000d6480000,0x00000000d6480000,0x00000000d6500000)
 ParOldGen       total 79360K, used 79141K [0x0000000080000000, 0x0000000084d80000, 0x00000000d5580000)
  object space 79360K, 99% used [0x0000000080000000,0x0000000084d49650,0x0000000084d80000)
 Metaspace       used 89816K, committed 91200K, reserved 1179648K
  class space    used 9912K, committed 10560K, reserved 1048576K
}
Event: 1894.140 GC heap before
{Heap before GC invocations=421 (full 3):
 PSYoungGen      total 12800K, used 12783K [0x00000000d5580000, 0x00000000d6500000, 0x0000000100000000)
  eden space 12288K, 100% used [0x00000000d5580000,0x00000000d6180000,0x00000000d6180000)
  from space 512K, 96% used [0x00000000d6400000,0x00000000d647bff8,0x00000000d6480000)
  to   space 512K, 0% used [0x00000000d6480000,0x00000000d6480000,0x00000000d6500000)
 ParOldGen       total 79360K, used 79141K [0x0000000080000000, 0x0000000084d80000, 0x00000000d5580000)
  object space 79360K, 99% used [0x0000000080000000,0x0000000084d49650,0x0000000084d80000)
 Metaspace       used 89849K, committed 91264K, reserved 1179648K
  class space    used 9912K, committed 10560K, reserved 1048576K
}
Event: 1894.141 GC heap after
{Heap after GC invocations=421 (full 3):
 PSYoungGen      total 12800K, used 288K [0x00000000d5580000, 0x00000000d6500000, 0x0000000100000000)
  eden space 12288K, 0% used [0x00000000d5580000,0x00000000d5580000,0x00000000d6180000)
  from space 512K, 56% used [0x00000000d6480000,0x00000000d64c8000,0x00000000d6500000)
  to   space 512K, 0% used [0x00000000d6400000,0x00000000d6400000,0x00000000d6480000)
 ParOldGen       total 79872K, used 79469K [0x0000000080000000, 0x0000000084e00000, 0x00000000d5580000)
  object space 79872K, 99% used [0x0000000080000000,0x0000000084d9b648,0x0000000084e00000)
 Metaspace       used 89849K, committed 91264K, reserved 1179648K
  class space    used 9912K, committed 10560K, reserved 1048576K
}
Event: 1956.031 GC heap before
{Heap before GC invocations=422 (full 3):
 PSYoungGen      total 12800K, used 12576K [0x00000000d5580000, 0x00000000d6500000, 0x0000000100000000)
  eden space 12288K, 100% used [0x00000000d5580000,0x00000000d6180000,0x00000000d6180000)
  from space 512K, 56% used [0x00000000d6480000,0x00000000d64c8000,0x00000000d6500000)
  to   space 512K, 0% used [0x00000000d6400000,0x00000000d6400000,0x00000000d6480000)
 ParOldGen       total 79872K, used 79469K [0x0000000080000000, 0x0000000084e00000, 0x00000000d5580000)
  object space 79872K, 99% used [0x0000000080000000,0x0000000084d9b648,0x0000000084e00000)
 Metaspace       used 89862K, committed 91264K, reserved 1179648K
  class space    used 9912K, committed 10560K, reserved 1048576K
}
Event: 1956.032 GC heap after
{Heap after GC invocations=422 (full 3):
 PSYoungGen      total 12800K, used 224K [0x00000000d5580000, 0x00000000d6500000, 0x0000000100000000)
  eden space 12288K, 0% used [0x00000000d5580000,0x00000000d5580000,0x00000000d6180000)
  from space 512K, 43% used [0x00000000d6400000,0x00000000d6438000,0x00000000d6480000)
  to   space 512K, 0% used [0x00000000d6480000,0x00000000d6480000,0x00000000d6500000)
 ParOldGen       total 79872K, used 79485K [0x0000000080000000, 0x0000000084e00000, 0x00000000d5580000)
  object space 79872K, 99% used [0x0000000080000000,0x0000000084d9f648,0x0000000084e00000)
 Metaspace       used 89862K, committed 91264K, reserved 1179648K
  class space    used 9912K, committed 10560K, reserved 1048576K
}
Event: 2202.118 GC heap before
{Heap before GC invocations=423 (full 3):
 PSYoungGen      total 12800K, used 12512K [0x00000000d5580000, 0x00000000d6500000, 0x0000000100000000)
  eden space 12288K, 100% used [0x00000000d5580000,0x00000000d6180000,0x00000000d6180000)
  from space 512K, 43% used [0x00000000d6400000,0x00000000d6438000,0x00000000d6480000)
  to   space 512K, 0% used [0x00000000d6480000,0x00000000d6480000,0x00000000d6500000)
 ParOldGen       total 79872K, used 79485K [0x0000000080000000, 0x0000000084e00000, 0x00000000d5580000)
  object space 79872K, 99% used [0x0000000080000000,0x0000000084d9f648,0x0000000084e00000)
 Metaspace       used 90200K, committed 91584K, reserved 1179648K
  class space    used 9915K, committed 10560K, reserved 1048576K
}
Event: 2202.119 GC heap after
{Heap after GC invocations=423 (full 3):
 PSYoungGen      total 12800K, used 320K [0x00000000d5580000, 0x00000000d6500000, 0x0000000100000000)
  eden space 12288K, 0% used [0x00000000d5580000,0x00000000d5580000,0x00000000d6180000)
  from space 512K, 62% used [0x00000000d6480000,0x00000000d64d0000,0x00000000d6500000)
  to   space 512K, 0% used [0x00000000d6400000,0x00000000d6400000,0x00000000d6480000)
 ParOldGen       total 80896K, used 80298K [0x0000000080000000, 0x0000000084f00000, 0x00000000d5580000)
  object space 80896K, 99% used [0x0000000080000000,0x0000000084e6ab58,0x0000000084f00000)
 Metaspace       used 90200K, committed 91584K, reserved 1179648K
  class space    used 9915K, committed 10560K, reserved 1048576K
}

Dll operation events (15 events):
Event: 0.012 Loaded shared library c:\Users\omera\.vscode-insiders\extensions\redhat.java-1.53.0-win32-x64\jre\21.0.10-win32-x86_64\bin\java.dll
Event: 0.037 Loaded shared library c:\Users\omera\.vscode-insiders\extensions\redhat.java-1.53.0-win32-x64\jre\21.0.10-win32-x86_64\bin\zip.dll
Event: 0.170 Loaded shared library C:\Users\omera\.vscode-insiders\extensions\redhat.java-1.53.0-win32-x64\jre\21.0.10-win32-x86_64\bin\instrument.dll
Event: 0.181 Loaded shared library C:\Users\omera\.vscode-insiders\extensions\redhat.java-1.53.0-win32-x64\jre\21.0.10-win32-x86_64\bin\net.dll
Event: 0.184 Loaded shared library C:\Users\omera\.vscode-insiders\extensions\redhat.java-1.53.0-win32-x64\jre\21.0.10-win32-x86_64\bin\nio.dll
Event: 0.189 Loaded shared library C:\Users\omera\.vscode-insiders\extensions\redhat.java-1.53.0-win32-x64\jre\21.0.10-win32-x86_64\bin\zip.dll
Event: 0.211 Loaded shared library C:\Users\omera\.vscode-insiders\extensions\redhat.java-1.53.0-win32-x64\jre\21.0.10-win32-x86_64\bin\jimage.dll
Event: 0.323 Loaded shared library c:\Users\omera\.vscode-insiders\extensions\redhat.java-1.53.0-win32-x64\jre\21.0.10-win32-x86_64\bin\verify.dll
Event: 3.605 Loaded shared library C:\Users\omera\AppData\Roaming\Code - Insiders\User\globalStorage\redhat.java\1.53.0\config_win\org.eclipse.equinox.launcher\org.eclipse.equinox.launcher.win32.win32.x86_64_1.3.0.v20260203-2149\eclipse_11919.dll
Event: 9.763 Loaded shared library C:\Users\omera\.vscode-insiders\extensions\redhat.java-1.53.0-win32-x64\jre\21.0.10-win32-x86_64\bin\management.dll
Event: 9.766 Loaded shared library C:\Users\omera\.vscode-insiders\extensions\redhat.java-1.53.0-win32-x64\jre\21.0.10-win32-x86_64\bin\management_ext.dll
Event: 11.188 Loaded shared library C:\Users\omera\AppData\Local\Temp\jna-105858742\jna11349382690733322518.dll
Event: 11.554 Loaded shared library C:\Users\omera\.vscode-insiders\extensions\redhat.java-1.53.0-win32-x64\jre\21.0.10-win32-x86_64\bin\sunmscapi.dll
Event: 11.675 Loaded shared library C:\Users\omera\.vscode-insiders\extensions\redhat.java-1.53.0-win32-x64\jre\21.0.10-win32-x86_64\bin\extnet.dll
Event: 624.307 Loaded shared library C:\Users\omera\.gradle\native\c067742578af261105cb4f569cf0c3c89f3d7b1fecec35dd04571415982c5e48\windows-amd64\native-platform.dll

Deoptimization events (20 events):
Event: 2202.805 Thread 0x00000194ea9cf7c0 DEOPT PACKING pc=0x0000019496e54740 sp=0x00000016e18fea00
Event: 2202.805 Thread 0x00000194ea9cf7c0 DEOPT UNPACKING pc=0x00000194960f3aa2 sp=0x00000016e18fe9b8 mode 2
Event: 2202.805 Thread 0x00000194eacbc250 Uncommon trap: trap_request=0xffffff45 fr.pc=0x0000019496e54740 relative=0x0000000000000280
Event: 2202.805 Thread 0x00000194eacbc250 Uncommon trap: reason=unstable_if action=reinterpret pc=0x0000019496e54740 method=org.eclipse.core.internal.watson.ElementTree.getElementData(Lorg/eclipse/core/runtime/IPath;)Ljava/lang/Object; @ 29 c2
Event: 2202.805 Thread 0x00000194eacbc250 DEOPT PACKING pc=0x0000019496e54740 sp=0x00000016e2ffeb80
Event: 2202.805 Thread 0x00000194eacbc250 DEOPT UNPACKING pc=0x00000194960f3aa2 sp=0x00000016e2ffeb38 mode 2
Event: 4740.828 Thread 0x00000194e5d8f8f0 DEOPT PACKING pc=0x0000019490329f2b sp=0x00000016de9fef90
Event: 4740.829 Thread 0x00000194e5d8f8f0 DEOPT UNPACKING pc=0x00000194960f4242 sp=0x00000016de9fe478 mode 0
Event: 5076.139 Thread 0x00000194e5d8f260 DEOPT PACKING pc=0x0000019490329f2b sp=0x00000016de7ff4b0
Event: 5076.140 Thread 0x00000194e5d8f260 DEOPT UNPACKING pc=0x00000194960f4242 sp=0x00000016de7fe998 mode 0
Event: 5459.895 Thread 0x00000194e5d8d190 DEOPT PACKING pc=0x0000019490329f2b sp=0x00000016e00ff1a0
Event: 5459.897 Thread 0x00000194e5d8d190 DEOPT UNPACKING pc=0x00000194960f4242 sp=0x00000016e00fe688 mode 0
Event: 5907.777 Thread 0x00000194eacba180 DEOPT PACKING pc=0x0000019490329f2b sp=0x00000016e09ff410
Event: 5907.778 Thread 0x00000194eacba180 DEOPT UNPACKING pc=0x00000194960f4242 sp=0x00000016e09fe8f8 mode 0
Event: 6569.222 Thread 0x00000194eacb8dd0 DEOPT PACKING pc=0x0000019490329f2b sp=0x00000016e03ff690
Event: 6569.223 Thread 0x00000194eacb8dd0 DEOPT UNPACKING pc=0x00000194960f4242 sp=0x00000016e03feb78 mode 0
Event: 7465.205 Thread 0x00000194eacb8740 DEOPT PACKING pc=0x0000019490329f2b sp=0x00000016e02ff590
Event: 7465.206 Thread 0x00000194eacb8740 DEOPT UNPACKING pc=0x00000194960f4242 sp=0x00000016e02fea78 mode 0
Event: 9384.767 Thread 0x00000194eacb9af0 DEOPT PACKING pc=0x0000019490329f2b sp=0x00000016e05ff4f0
Event: 9384.768 Thread 0x00000194eacb9af0 DEOPT UNPACKING pc=0x00000194960f4242 sp=0x00000016e05fe9d8 mode 0

Classes loaded (20 events):
Event: 1755.559 Loading class java/nio/channels/Channels$ReadableByteChannelImpl
Event: 1755.559 Loading class java/nio/channels/Channels$ReadableByteChannelImpl done
Event: 1755.560 Loading class java/nio/channels/NonWritableChannelException
Event: 1755.560 Loading class java/nio/channels/NonWritableChannelException done
Event: 1758.270 Loading class sun/nio/cs/ThreadLocalCoders
Event: 1758.270 Loading class sun/nio/cs/ThreadLocalCoders done
Event: 1758.270 Loading class sun/nio/cs/ThreadLocalCoders$1
Event: 1758.270 Loading class sun/nio/cs/ThreadLocalCoders$Cache
Event: 1758.270 Loading class sun/nio/cs/ThreadLocalCoders$Cache done
Event: 1758.271 Loading class sun/nio/cs/ThreadLocalCoders$1 done
Event: 1758.271 Loading class sun/nio/cs/ThreadLocalCoders$2
Event: 1758.271 Loading class sun/nio/cs/ThreadLocalCoders$2 done
Event: 1758.496 Loading class java/util/stream/ReduceOps$4
Event: 1758.496 Loading class java/util/stream/ReduceOps$4 done
Event: 1758.496 Loading class java/util/stream/ReduceOps$4ReducingSink
Event: 1758.497 Loading class java/util/stream/ReduceOps$4ReducingSink done
Event: 1758.498 Loading class java/nio/file/Files$2
Event: 1758.498 Loading class java/nio/file/Files$2 done
Event: 1758.754 Loading class java/util/Hashtable$ValueCollection
Event: 1758.754 Loading class java/util/Hashtable$ValueCollection done

Classes unloaded (12 events):
Event: 10.192 Thread 0x000001948b902320 Unloading class 0x00000194a41d4400 'java/lang/invoke/LambdaForm$MH+0x00000194a41d4400'
Event: 10.192 Thread 0x000001948b902320 Unloading class 0x00000194a41d4000 'java/lang/invoke/LambdaForm$MH+0x00000194a41d4000'
Event: 10.192 Thread 0x000001948b902320 Unloading class 0x00000194a41d3c00 'java/lang/invoke/LambdaForm$MH+0x00000194a41d3c00'
Event: 10.192 Thread 0x000001948b902320 Unloading class 0x00000194a41d3800 'java/lang/invoke/LambdaForm$MH+0x00000194a41d3800'
Event: 10.192 Thread 0x000001948b902320 Unloading class 0x00000194a41d3400 'java/lang/invoke/LambdaForm$BMH+0x00000194a41d3400'
Event: 10.192 Thread 0x000001948b902320 Unloading class 0x00000194a41d3000 'java/lang/invoke/LambdaForm$DMH+0x00000194a41d3000'
Event: 10.192 Thread 0x000001948b902320 Unloading class 0x00000194a41d2000 'java/lang/invoke/LambdaForm$DMH+0x00000194a41d2000'
Event: 11.400 Thread 0x000001948b902320 Unloading class 0x00000194a4398c00 'java/lang/invoke/LambdaForm$MH+0x00000194a4398c00'
Event: 11.400 Thread 0x000001948b902320 Unloading class 0x00000194a4398000 'java/lang/invoke/LambdaForm$MH+0x00000194a4398000'
Event: 11.400 Thread 0x000001948b902320 Unloading class 0x00000194a4393400 'java/lang/invoke/LambdaForm$MH+0x00000194a4393400'
Event: 11.400 Thread 0x000001948b902320 Unloading class 0x00000194a4393000 'java/lang/invoke/LambdaForm$DMH+0x00000194a4393000'
Event: 11.400 Thread 0x000001948b902320 Unloading class 0x00000194a4392800 'java/lang/invoke/LambdaForm$MH+0x00000194a4392800'

Classes redefined (0 events):
No events

Internal exceptions (20 events):
Event: 1755.354 Thread 0x00000194eacbc250 Exception <a 'java/lang/NoSuchMethodError'{0x00000000d5b82790}: 'java.lang.Object java.lang.invoke.Invokers$Holder.invoke_MT(java.lang.Object, java.lang.Object, java.lang.Object, java.lang.Object, java.lang.Object, java.lang.Object, java.lang.Object, java.lang.Object, java.lang.Object, java.lang.Object)'> (0x00000000d5b82790) 
thrown [s\src\hotspot\share\interpreter\linkResolver.cpp, line 773]
Event: 1756.198 Thread 0x00000194eacbc8e0 Exception <a 'sun/nio/fs/WindowsException'{0x00000000d57c6900}> (0x00000000d57c6900) 
thrown [s\src\hotspot\share\prims\jni.cpp, line 520]
Event: 1756.198 Thread 0x00000194eacbc8e0 Exception <a 'sun/nio/fs/WindowsException'{0x00000000d57c7498}> (0x00000000d57c7498) 
thrown [s\src\hotspot\share\prims\jni.cpp, line 520]
Event: 1756.199 Thread 0x00000194eacbc8e0 Exception <a 'sun/nio/fs/WindowsException'{0x00000000d57c8350}> (0x00000000d57c8350) 
thrown [s\src\hotspot\share\prims\jni.cpp, line 520]
Event: 1756.199 Thread 0x00000194eacbc8e0 Exception <a 'sun/nio/fs/WindowsException'{0x00000000d57c8c30}> (0x00000000d57c8c30) 
thrown [s\src\hotspot\share\prims\jni.cpp, line 520]
Event: 1756.204 Thread 0x00000194eacbc8e0 Exception <a 'java/io/FileNotFoundException'{0x00000000d57f28c8}> (0x00000000d57f28c8) 
thrown [s\src\hotspot\share\prims\jni.cpp, line 520]
Event: 1756.205 Thread 0x00000194eacbc8e0 Exception <a 'java/io/FileNotFoundException'{0x00000000d57f3cc0}> (0x00000000d57f3cc0) 
thrown [s\src\hotspot\share\prims\jni.cpp, line 520]
Event: 1756.210 Thread 0x00000194eacbc8e0 Exception <a 'sun/nio/fs/WindowsException'{0x00000000d587c068}> (0x00000000d587c068) 
thrown [s\src\hotspot\share\prims\jni.cpp, line 520]
Event: 1756.210 Thread 0x00000194eacbc8e0 Exception <a 'sun/nio/fs/WindowsException'{0x00000000d587c948}> (0x00000000d587c948) 
thrown [s\src\hotspot\share\prims\jni.cpp, line 520]
Event: 1756.211 Thread 0x00000194eacbc8e0 Exception <a 'sun/nio/fs/WindowsException'{0x00000000d58c3b08}> (0x00000000d58c3b08) 
thrown [s\src\hotspot\share\prims\jni.cpp, line 520]
Event: 1756.211 Thread 0x00000194eacbc8e0 Exception <a 'sun/nio/fs/WindowsException'{0x00000000d58c4138}> (0x00000000d58c4138) 
thrown [s\src\hotspot\share\prims\jni.cpp, line 520]
Event: 1756.236 Thread 0x00000194eacbc250 Exception <a 'java/lang/NoSuchMethodError'{0x00000000d5b14af0}: 'int java.lang.invoke.Invokers$Holder.invokeExact_MT(java.lang.Object, java.lang.Object)'> (0x00000000d5b14af0) 
thrown [s\src\hotspot\share\interpreter\linkResolver.cpp, line 773]
Event: 1756.244 Thread 0x00000194ea9cbcb0 Exception <a 'sun/nio/fs/WindowsException'{0x00000000d5b705b8}> (0x00000000d5b705b8) 
thrown [s\src\hotspot\share\prims\jni.cpp, line 520]
Event: 1756.248 Thread 0x00000194ea9cbcb0 Exception <a 'sun/nio/fs/WindowsException'{0x00000000d5bd1378}> (0x00000000d5bd1378) 
thrown [s\src\hotspot\share\prims\jni.cpp, line 520]
Event: 1756.249 Thread 0x00000194ea9cbcb0 Exception <a 'sun/nio/fs/WindowsException'{0x00000000d5bd1c00}> (0x00000000d5bd1c00) 
thrown [s\src\hotspot\share\prims\jni.cpp, line 520]
Event: 1758.138 Thread 0x00000194eacbc250 Exception <a 'sun/nio/fs/WindowsException'{0x00000000d606f198}> (0x00000000d606f198) 
thrown [s\src\hotspot\share\prims\jni.cpp, line 520]
Event: 2202.074 Thread 0x00000194eacbc250 Exception <a 'sun/nio/fs/WindowsException'{0x00000000d6137420}> (0x00000000d6137420) 
thrown [s\src\hotspot\share\prims\jni.cpp, line 520]
Event: 2202.099 Thread 0x00000194ea9cf7c0 Exception <a 'sun/nio/fs/WindowsException'{0x00000000d6175418}> (0x00000000d6175418) 
thrown [s\src\hotspot\share\prims\jni.cpp, line 520]
Event: 2202.117 Thread 0x00000194ea9cf7c0 Exception <a 'sun/nio/fs/WindowsException'{0x00000000d617f7f8}> (0x00000000d617f7f8) 
thrown [s\src\hotspot\share\prims\jni.cpp, line 520]
Event: 2202.803 Thread 0x00000194eacbc250 Exception <a 'sun/nio/fs/WindowsException'{0x00000000d589e078}> (0x00000000d589e078) 
thrown [s\src\hotspot\share\prims\jni.cpp, line 520]

ZGC Phase Switch (0 events):
No events

VM Operations (20 events):
Event: 9803.677 Executing non-safepoint VM operation: HandshakeAllThreads (HandshakeForDeflation)
Event: 9803.677 Executing non-safepoint VM operation: HandshakeAllThreads (HandshakeForDeflation) done
Event: 9803.681 Executing non-safepoint VM operation: RendezvousGCThreads
Event: 9803.681 Executing non-safepoint VM operation: RendezvousGCThreads done
Event: 9863.856 Executing non-safepoint VM operation: HandshakeAllThreads (HandshakeForDeflation)
Event: 9863.856 Executing non-safepoint VM operation: HandshakeAllThreads (HandshakeForDeflation) done
Event: 9863.856 Executing non-safepoint VM operation: RendezvousGCThreads
Event: 9863.856 Executing non-safepoint VM operation: RendezvousGCThreads done
Event: 10645.804 Executing non-safepoint VM operation: HandshakeAllThreads (HandshakeForDeflation)
Event: 10645.805 Executing non-safepoint VM operation: HandshakeAllThreads (HandshakeForDeflation) done
Event: 10645.805 Executing non-safepoint VM operation: RendezvousGCThreads
Event: 10645.805 Executing non-safepoint VM operation: RendezvousGCThreads done
Event: 10766.098 Executing non-safepoint VM operation: HandshakeAllThreads (HandshakeForDeflation)
Event: 10766.098 Executing non-safepoint VM operation: HandshakeAllThreads (HandshakeForDeflation) done
Event: 10766.098 Executing non-safepoint VM operation: RendezvousGCThreads
Event: 10766.098 Executing non-safepoint VM operation: RendezvousGCThreads done
Event: 10826.244 Executing non-safepoint VM operation: HandshakeAllThreads (HandshakeForDeflation)
Event: 10826.244 Executing non-safepoint VM operation: HandshakeAllThreads (HandshakeForDeflation) done
Event: 10826.244 Executing non-safepoint VM operation: RendezvousGCThreads
Event: 10826.244 Executing non-safepoint VM operation: RendezvousGCThreads done

Memory protections (0 events):
No events

Nmethod flushes (20 events):
Event: 618.459 Thread 0x000001948b902320 flushing  nmethod 0x000001948f46d910
Event: 618.459 Thread 0x000001948b902320 flushing  nmethod 0x000001948f4a8390
Event: 618.459 Thread 0x000001948b902320 flushing  nmethod 0x000001948f4a9f90
Event: 618.459 Thread 0x000001948b902320 flushing  nmethod 0x000001948f4aa590
Event: 618.459 Thread 0x000001948b902320 flushing  nmethod 0x000001948f4ab490
Event: 618.459 Thread 0x000001948b902320 flushing  nmethod 0x000001948f4d9510
Event: 618.459 Thread 0x000001948b902320 flushing  nmethod 0x000001948f4e3390
Event: 618.459 Thread 0x000001948b902320 flushing  nmethod 0x000001948f4ea390
Event: 618.459 Thread 0x000001948b902320 flushing  nmethod 0x000001948f4fdb10
Event: 618.459 Thread 0x000001948b902320 flushing  nmethod 0x000001948f512490
Event: 618.459 Thread 0x000001948b902320 flushing  nmethod 0x000001948f514f90
Event: 618.459 Thread 0x000001948b902320 flushing  nmethod 0x000001948f515690
Event: 618.459 Thread 0x000001948b902320 flushing  nmethod 0x000001948f51a310
Event: 618.459 Thread 0x000001948b902320 flushing  nmethod 0x000001948f51aa90
Event: 618.459 Thread 0x000001948b902320 flushing  nmethod 0x000001948f51b090
Event: 618.459 Thread 0x000001948b902320 flushing  nmethod 0x000001948f51f190
Event: 618.459 Thread 0x000001948b902320 flushing  nmethod 0x000001948f53a510
Event: 618.459 Thread 0x000001948b902320 flushing  nmethod 0x000001948f54a190
Event: 618.459 Thread 0x000001948b902320 flushing  nmethod 0x000001948f56c290
Event: 618.459 Thread 0x000001948b902320 flushing  nmethod 0x000001948f597d10

Events (20 events):
Event: 2320.469 Thread 0x00000194efc0fed0 Thread exited: 0x00000194efc0fed0
Event: 2384.140 Thread 0x00000194ea9d0b70 Thread added: 0x00000194efc11fa0
Event: 2384.141 Thread 0x00000194efc11fa0 Thread exited: 0x00000194efc11fa0
Event: 2384.142 Thread 0x00000194ea9d0b70 Thread added: 0x00000194efc0de00
Event: 2384.142 Thread 0x00000194efc0de00 Thread exited: 0x00000194efc0de00
Event: 2502.206 Thread 0x00000194efc0b010 Thread exited: 0x00000194efc0b010
Event: 2503.259 Thread 0x00000194efc0bd30 Thread exited: 0x00000194efc0bd30
Event: 2503.261 Thread 0x00000194efc0d0e0 Thread exited: 0x00000194efc0d0e0
Event: 2713.095 Thread 0x00000194ea9d0b70 Thread added: 0x00000194efc0de00
Event: 2713.095 Thread 0x00000194efc0de00 Thread exited: 0x00000194efc0de00
Event: 2713.096 Thread 0x00000194ea9d0b70 Thread added: 0x00000194efc0fed0
Event: 2713.096 Thread 0x00000194efc0fed0 Thread exited: 0x00000194efc0fed0
Event: 3333.376 Thread 0x00000194ea9d0b70 Thread added: 0x00000194efc11fa0
Event: 3333.380 Thread 0x00000194efc11fa0 Thread exited: 0x00000194efc11fa0
Event: 3333.388 Thread 0x00000194ea9d0b70 Thread added: 0x00000194efc10bf0
Event: 3333.388 Thread 0x00000194efc10bf0 Thread exited: 0x00000194efc10bf0
Event: 3752.641 Thread 0x00000194ea9cc9d0 Thread added: 0x00000194efc10bf0
Event: 3752.644 Thread 0x00000194efc10bf0 Thread exited: 0x00000194efc10bf0
Event: 3752.649 Thread 0x00000194ea9cc9d0 Thread added: 0x00000194efc11fa0
Event: 3752.649 Thread 0x00000194efc11fa0 Thread exited: 0x00000194efc11fa0


Dynamic libraries:
0x00007ff62a620000 - 0x00007ff62a62e000 	c:\Users\omera\.vscode-insiders\extensions\redhat.java-1.53.0-win32-x64\jre\21.0.10-win32-x86_64\bin\java.exe
0x00007ffffad90000 - 0x00007ffffafa8000 	C:\Windows\SYSTEM32\ntdll.dll
0x00007ffff92f0000 - 0x00007ffff93b4000 	C:\Windows\System32\KERNEL32.DLL
0x00007ffff7fc0000 - 0x00007ffff8393000 	C:\Windows\System32\KERNELBASE.dll
0x00007ffff7ea0000 - 0x00007ffff7fb1000 	C:\Windows\System32\ucrtbase.dll
0x00007fffc1290000 - 0x00007fffc12a8000 	c:\Users\omera\.vscode-insiders\extensions\redhat.java-1.53.0-win32-x64\jre\21.0.10-win32-x86_64\bin\jli.dll
0x00007ffff9130000 - 0x00007ffff92e2000 	C:\Windows\System32\USER32.dll
0x00007ffff8420000 - 0x00007ffff8446000 	C:\Windows\System32\win32u.dll
0x00007ffffa200000 - 0x00007ffffa229000 	C:\Windows\System32\GDI32.dll
0x00007ffff84f0000 - 0x00007ffff860b000 	C:\Windows\System32\gdi32full.dll
0x00007ffff8450000 - 0x00007ffff84ea000 	C:\Windows\System32\msvcp_win.dll
0x00007fffc0450000 - 0x00007fffc046e000 	c:\Users\omera\.vscode-insiders\extensions\redhat.java-1.53.0-win32-x64\jre\21.0.10-win32-x86_64\bin\VCRUNTIME140.dll
0x00007fffe60e0000 - 0x00007fffe637c000 	C:\Windows\WinSxS\amd64_microsoft.windows.common-controls_6595b64144ccf1df_6.0.22621.6060_none_2712eda17382d24b\COMCTL32.dll
0x00007ffffa9d0000 - 0x00007ffffaa77000 	C:\Windows\System32\msvcrt.dll
0x00007ffffa990000 - 0x00007ffffa9c1000 	C:\Windows\System32\IMM32.DLL
0x00007fffcdc80000 - 0x00007fffcdd72000 	C:\Program Files\Windhawk\Engine\1.7.3\64\windhawk.dll
0x00007ffff8f30000 - 0x00007ffff8fe1000 	C:\Windows\System32\ADVAPI32.dll
0x00007ffff93c0000 - 0x00007ffff9468000 	C:\Windows\System32\sechost.dll
0x00007ffff8980000 - 0x00007ffff89a8000 	C:\Windows\System32\bcrypt.dll
0x00007ffffaa80000 - 0x00007ffffab98000 	C:\Windows\System32\RPCRT4.dll
0x00007fffcdc50000 - 0x00007fffcdc78000 	C:\ProgramData\Windhawk\Engine\Mods\64\explorer-details-better-file-sizes_1.4.11_223466.dll
0x00007ffff9e10000 - 0x00007ffff9fb1000 	C:\Windows\System32\ole32.dll
0x00007ffffa240000 - 0x00007ffffa5d1000 	C:\Windows\System32\combase.dll
0x00007ffff9470000 - 0x00007ffff9548000 	C:\Windows\System32\OLEAUT32.dll
0x00007ffff9570000 - 0x00007ffff9e0c000 	C:\Windows\System32\SHELL32.dll
0x00007ffff8610000 - 0x00007ffff874f000 	C:\Windows\System32\wintypes.dll
0x00007ffff3b40000 - 0x00007ffff3c48000 	C:\Windows\SYSTEM32\PROPSYS.dll
0x00007fffcdaa0000 - 0x00007fffcdc49000 	C:\ProgramData\Windhawk\Engine\Mods\64\libc++.whl
0x00007fffcd720000 - 0x00007fffcd75a000 	C:\ProgramData\Windhawk\Engine\Mods\64\libunwind.whl
0x00007ffff5d50000 - 0x00007ffff666a000 	C:\Windows\SYSTEM32\windows.storage.dll
0x00007fffd9fe0000 - 0x00007fffd9fec000 	c:\Users\omera\.vscode-insiders\extensions\redhat.java-1.53.0-win32-x64\jre\21.0.10-win32-x86_64\bin\vcruntime140_1.dll
0x00007fff93ee0000 - 0x00007fff93f6d000 	c:\Users\omera\.vscode-insiders\extensions\redhat.java-1.53.0-win32-x64\jre\21.0.10-win32-x86_64\bin\msvcp140.dll
0x00007ffeb84c0000 - 0x00007ffeb9261000 	c:\Users\omera\.vscode-insiders\extensions\redhat.java-1.53.0-win32-x64\jre\21.0.10-win32-x86_64\bin\server\jvm.dll
0x00007ffffa640000 - 0x00007ffffa6b1000 	C:\Windows\System32\WS2_32.dll
0x00007ffff7d70000 - 0x00007ffff7dbd000 	C:\Windows\SYSTEM32\POWRPROF.dll
0x00007ffff1690000 - 0x00007ffff16c4000 	C:\Windows\SYSTEM32\WINMM.dll
0x00007ffff0900000 - 0x00007ffff090a000 	C:\Windows\SYSTEM32\VERSION.dll
0x00007ffff7d50000 - 0x00007ffff7d63000 	C:\Windows\SYSTEM32\UMPDC.dll
0x00007ffff6da0000 - 0x00007ffff6db8000 	C:\Windows\SYSTEM32\kernel.appcore.dll
0x00007fffd9d20000 - 0x00007fffd9d2a000 	c:\Users\omera\.vscode-insiders\extensions\redhat.java-1.53.0-win32-x64\jre\21.0.10-win32-x86_64\bin\jimage.dll
0x00007ffff55c0000 - 0x00007ffff57f3000 	C:\Windows\SYSTEM32\DBGHELP.DLL
0x00007fffd2ca0000 - 0x00007fffd2cd2000 	C:\Windows\SYSTEM32\dbgcore.DLL
0x00007ffff83a0000 - 0x00007ffff841b000 	C:\Windows\System32\bcryptPrimitives.dll
0x00007fffd6da0000 - 0x00007fffd6daf000 	c:\Users\omera\.vscode-insiders\extensions\redhat.java-1.53.0-win32-x64\jre\21.0.10-win32-x86_64\bin\instrument.dll
0x00007fffb4d20000 - 0x00007fffb4d40000 	c:\Users\omera\.vscode-insiders\extensions\redhat.java-1.53.0-win32-x64\jre\21.0.10-win32-x86_64\bin\java.dll
0x00007fffb8880000 - 0x00007fffb8898000 	c:\Users\omera\.vscode-insiders\extensions\redhat.java-1.53.0-win32-x64\jre\21.0.10-win32-x86_64\bin\zip.dll
0x00007ffffac40000 - 0x00007ffffad44000 	C:\Windows\System32\SHCORE.dll
0x00007ffff8ff0000 - 0x00007ffff9059000 	C:\Windows\System32\shlwapi.dll
0x00007ffff7dd0000 - 0x00007ffff7df5000 	C:\Windows\SYSTEM32\profapi.dll
0x00007fffd7240000 - 0x00007fffd7250000 	C:\Users\omera\.vscode-insiders\extensions\redhat.java-1.53.0-win32-x64\jre\21.0.10-win32-x86_64\bin\net.dll
0x00007ffff2270000 - 0x00007ffff239c000 	C:\Windows\SYSTEM32\WINHTTP.dll
0x00007ffff7300000 - 0x00007ffff7369000 	C:\Windows\system32\mswsock.dll
0x00007fffb5e50000 - 0x00007fffb5e66000 	C:\Users\omera\.vscode-insiders\extensions\redhat.java-1.53.0-win32-x64\jre\21.0.10-win32-x86_64\bin\nio.dll
0x00007fffd5560000 - 0x00007fffd5570000 	c:\Users\omera\.vscode-insiders\extensions\redhat.java-1.53.0-win32-x64\jre\21.0.10-win32-x86_64\bin\verify.dll
0x00007fffa85d0000 - 0x00007fffa8615000 	C:\Users\omera\AppData\Roaming\Code - Insiders\User\globalStorage\redhat.java\1.53.0\config_win\org.eclipse.equinox.launcher\org.eclipse.equinox.launcher.win32.win32.x86_64_1.3.0.v20260203-2149\eclipse_11919.dll
0x00007fffd45e0000 - 0x00007fffd45ea000 	C:\Users\omera\.vscode-insiders\extensions\redhat.java-1.53.0-win32-x64\jre\21.0.10-win32-x86_64\bin\management.dll
0x00007fffd4570000 - 0x00007fffd457c000 	C:\Users\omera\.vscode-insiders\extensions\redhat.java-1.53.0-win32-x64\jre\21.0.10-win32-x86_64\bin\management_ext.dll
0x00007ffffaba0000 - 0x00007ffffaba8000 	C:\Windows\System32\PSAPI.DLL
0x00007ffff7650000 - 0x00007ffff766b000 	C:\Windows\SYSTEM32\CRYPTSP.dll
0x00007ffff6dc0000 - 0x00007ffff6df7000 	C:\Windows\system32\rsaenh.dll
0x00007ffff73a0000 - 0x00007ffff73c8000 	C:\Windows\SYSTEM32\USERENV.dll
0x00007ffff7630000 - 0x00007ffff763c000 	C:\Windows\SYSTEM32\CRYPTBASE.dll
0x00007ffff68d0000 - 0x00007ffff68fd000 	C:\Windows\SYSTEM32\IPHLPAPI.DLL
0x00007ffff9fc0000 - 0x00007ffff9fc9000 	C:\Windows\System32\NSI.dll
0x00007fffa43d0000 - 0x00007fffa4419000 	C:\Users\omera\AppData\Local\Temp\jna-105858742\jna11349382690733322518.dll
0x00007ffff28b0000 - 0x00007ffff28c9000 	C:\Windows\SYSTEM32\dhcpcsvc6.DLL
0x00007ffff1e20000 - 0x00007ffff1e3f000 	C:\Windows\SYSTEM32\dhcpcsvc.DLL
0x00007fffd4290000 - 0x00007fffd429e000 	C:\Users\omera\.vscode-insiders\extensions\redhat.java-1.53.0-win32-x64\jre\21.0.10-win32-x86_64\bin\sunmscapi.dll
0x00007ffff8810000 - 0x00007ffff8978000 	C:\Windows\System32\CRYPT32.dll
0x00007ffff7750000 - 0x00007ffff777e000 	C:\Windows\SYSTEM32\ncrypt.dll
0x00007ffff7710000 - 0x00007ffff7747000 	C:\Windows\SYSTEM32\NTASN1.dll
0x00007ffff6940000 - 0x00007ffff6a38000 	C:\Windows\SYSTEM32\DNSAPI.dll
0x00007ffff0740000 - 0x00007ffff074a000 	C:\Windows\System32\rasadhlp.dll
0x00007ffff0b40000 - 0x00007ffff0bc4000 	C:\Windows\System32\fwpuclnt.dll
0x00007fffd3780000 - 0x00007fffd3789000 	C:\Users\omera\.vscode-insiders\extensions\redhat.java-1.53.0-win32-x64\jre\21.0.10-win32-x86_64\bin\extnet.dll
0x00007fffa3430000 - 0x00007fffa3457000 	C:\Users\omera\.gradle\native\c067742578af261105cb4f569cf0c3c89f3d7b1fecec35dd04571415982c5e48\windows-amd64\native-platform.dll
0x00007fffef890000 - 0x00007fffef927000 	C:\Windows\system32\apphelp.dll
0x00007fff5ada0000 - 0x00007fff5ada8000 	C:\Windows\system32\wshunix.dll

JVMTI agents:
c:\Users\omera\.vscode-insiders\extensions\redhat.java-1.53.0-win32-x64\lombok\lombok-1.18.39-4050.jar path:c:\Users\omera\.vscode-insiders\extensions\redhat.java-1.53.0-win32-x64\jre\21.0.10-win32-x86_64\bin\instrument.dll, loaded, initialized, instrumentlib options:none

dbghelp: loaded successfully - version: 4.0.5 - missing functions: none
symbol engine: initialized successfully - sym options: 0x614 - pdb path: .;c:\Users\omera\.vscode-insiders\extensions\redhat.java-1.53.0-win32-x64\jre\21.0.10-win32-x86_64\bin;C:\Windows\SYSTEM32;C:\Windows\WinSxS\amd64_microsoft.windows.common-controls_6595b64144ccf1df_6.0.22621.6060_none_2712eda17382d24b;C:\Program Files\Windhawk\Engine\1.7.3\64;C:\ProgramData\Windhawk\Engine\Mods\64;c:\Users\omera\.vscode-insiders\extensions\redhat.java-1.53.0-win32-x64\jre\21.0.10-win32-x86_64\bin\server;C:\Users\omera\AppData\Roaming\Code - Insiders\User\globalStorage\redhat.java\1.53.0\config_win\org.eclipse.equinox.launcher\org.eclipse.equinox.launcher.win32.win32.x86_64_1.3.0.v20260203-2149;C:\Users\omera\AppData\Local\Temp\jna-105858742;C:\Users\omera\.gradle\native\c067742578af261105cb4f569cf0c3c89f3d7b1fecec35dd04571415982c5e48\windows-amd64

VM Arguments:
jvm_args: --add-modules=ALL-SYSTEM --add-opens=java.base/java.util=ALL-UNNAMED --add-opens=java.base/java.lang=ALL-UNNAMED --add-opens=java.base/sun.nio.fs=ALL-UNNAMED -Declipse.application=org.eclipse.jdt.ls.core.id1 -Dosgi.bundles.defaultStartLevel=4 -Declipse.product=org.eclipse.jdt.ls.core.product -Djava.import.generatesMetadataFilesAtProjectRoot=false -DDetectVMInstallationsJob.disabled=true -Dfile.encoding=utf8 -XX:+UseParallelGC -XX:GCTimeRatio=4 -XX:AdaptiveSizePolicyWeight=90 -Dsun.zip.disableMemoryMapping=true -Xmx2G -Xms100m -Xlog:disable -javaagent:c:\Users\omera\.vscode-insiders\extensions\redhat.java-1.53.0-win32-x64\lombok\lombok-1.18.39-4050.jar -XX:+HeapDumpOnOutOfMemoryError -XX:HeapDumpPath=c:\Users\omera\AppData\Roaming\Code - Insiders\User\workspaceStorage\287269be63850c600b03aaed9f2c589c\redhat.java -Daether.dependencyCollector.impl=bf -Djdt.core.sharedIndexLocation=C:\Users\omera\AppData\Roaming\.jdt\index -XX:+UnlockDiagnosticVMOptions -XX:+AllowArchivingWithJavaAgent -XX:+AutoCreateSharedArchive -XX:SharedArchiveFile=c:\Users\omera\AppData\Roaming\Code - Insiders\User\globalStorage\redhat.java\1.53.0\jdtls.jsa 
java_command: c:\Users\omera\.vscode-insiders\extensions\redhat.java-1.53.0-win32-x64\server\plugins\org.eclipse.equinox.launcher_1.7.100.v20251111-0406.jar -configuration c:\Users\omera\AppData\Roaming\Code - Insiders\User\globalStorage\redhat.java\1.53.0\config_win -data c:\Users\omera\AppData\Roaming\Code - Insiders\User\workspaceStorage\287269be63850c600b03aaed9f2c589c\redhat.java\jdt_ws --pipe=\\.\pipe\lsp-7bebe6c0e4c2d85d12f20c10e63867ce-sock
java_class_path (initial): c:\Users\omera\.vscode-insiders\extensions\redhat.java-1.53.0-win32-x64\server\plugins\org.eclipse.equinox.launcher_1.7.100.v20251111-0406.jar
Launcher Type: SUN_STANDARD

[Global flags]
    uintx AdaptiveSizePolicyWeight                 = 90                                        {product} {command line}
     bool AllowArchivingWithJavaAgent              = true                             {JVMCI diagnostic} {command line}
     bool AutoCreateSharedArchive                  = true                                {JVMCI product} {command line}
     intx CICompilerCount                          = 4                                         {product} {ergonomic}
    uintx GCTimeRatio                              = 4                                         {product} {command line}
     bool HeapDumpOnOutOfMemoryError               = true                                   {manageable} {command line}
    ccstr HeapDumpPath                             = c:\Users\omera\AppData\Roaming\Code - Insiders\User\workspaceStorage\287269be63850c600b03aaed9f2c589c\redhat.java         {manageable} {command line}
   size_t InitialHeapSize                          = 104857600                                 {product} {command line}
   size_t MaxHeapSize                              = 2147483648                                {product} {command line}
   size_t MaxNewSize                               = 715653120                                 {product} {ergonomic}
   size_t MinHeapDeltaBytes                        = 524288                                    {product} {ergonomic}
   size_t MinHeapSize                              = 104857600                                 {product} {command line}
   size_t NewSize                                  = 34603008                                  {product} {ergonomic}
    uintx NonNMethodCodeHeapSize                   = 5839372                                {pd product} {ergonomic}
    uintx NonProfiledCodeHeapSize                  = 122909434                              {pd product} {ergonomic}
   size_t OldSize                                  = 70254592                                  {product} {ergonomic}
    uintx ProfiledCodeHeapSize                     = 122909434                              {pd product} {ergonomic}
    uintx ReservedCodeCacheSize                    = 251658240                              {pd product} {ergonomic}
     bool SegmentedCodeCache                       = true                                      {product} {ergonomic}
    ccstr SharedArchiveFile                        =                                     {JVMCI product} {command line}
   size_t SoftMaxHeapSize                          = 2147483648                             {manageable} {ergonomic}
     bool UnlockDiagnosticVMOptions                = true                                   {diagnostic} {command line}
     bool UseCompressedOops                        = true                           {product lp64_product} {ergonomic}
     bool UseLargePagesIndividualAllocation        = false                                  {pd product} {ergonomic}
     bool UseParallelGC                            = true                                      {product} {command line}

Logging:
Log output configuration:
 #0: stdout all=off uptime,level,tags foldmultilines=false
 #1: stderr all=off uptime,level,tags foldmultilines=false

Release file:
JAVA_VERSION="21.0.10" 
MODULES="java.base java.compiler java.datatransfer java.xml java.prefs java.desktop java.instrument java.logging java.management java.security.sasl java.naming java.rmi java.management.rmi java.net.http java.scripting java.security.jgss java.transaction.xa java.sql java.sql.rowset java.xml.crypto java.se java.smartcardio jdk.accessibility jdk.internal.jvmstat jdk.attach jdk.charsets jdk.internal.opt jdk.zipfs jdk.compiler jdk.crypto.ec jdk.crypto.cryptoki jdk.crypto.mscapi jdk.dynalink jdk.internal.ed jdk.editpad jdk.hotspot.agent jdk.httpserver jdk.internal.le jdk.internal.vm.ci jdk.internal.vm.compiler jdk.internal.vm.compiler.management jdk.jartool jdk.javadoc jdk.jcmd jdk.management jdk.management.agent jdk.jconsole jdk.jdeps jdk.jdwp.agent jdk.jdi jdk.jfr jdk.jshell jdk.jsobject jdk.jstatd jdk.localedata jdk.management.jfr jdk.naming.dns jdk.naming.rmi jdk.net jdk.nio.mapmode jdk.random jdk.sctp jdk.security.auth jdk.security.jgss jdk.unsupported jdk.unsupported.desktop jdk.xml.dom" 

Environment Variables:
JAVA_HOME=C:\Program Files\Java\jdk-21
PATH=C:\Program Files\Microsoft\jdk-17.0.11.9-hotspot\bin;C:\Python312\Scripts\;C:\Python312\;C:\Program Files\Common Files\Oracle\Java\javapath;C:\Program Files (x86)\Common Files\Oracle\Java\java8path;C:\Program Files (x86)\Common Files\Oracle\Java\javapath;C:\Program Files (x86)\Common Files\Intel\Shared Libraries\redist\intel64\compiler;C:\Windows\system32;C:\Windows;C:\Windows\System32\Wbem;C:\Windows\System32\WindowsPowerShell\v1.0\;C:\Windows\System32\OpenSSH\;C:\Program Files (x86)\NVIDIA Corporation\PhysX\Common;C:\Program Files\Git\cmd;C:\MinGW\bin;C:\Program Files\dotnet\;C:\ProgramData\chocolatey\bin;C:\Windows\system32;C:\Windows;C:\Windows\System32\Wbem;C:\Windows\System32\WindowsPowerShell\v1.0\;C:\Windows\System32\OpenSSH\;C:\Program Files\Microsoft\jdk-17.0.11.9-hotspot\\bin;C:\Users\omera\AppData\Local\Pub\Cache\bin;C:\Program Files\Mullvad VPN\resources;C:\Program Files\Cloudflare\Cloudflare WARP\;C:\Program Files\NVIDIA Corporation\NVIDIA app\NvDLISR;C:\Program Files\Crucial\Crucial Storage Executive;C:\Program Files\nodejs\;C:\Program Files (x86)\Microsoft SQL Server\160\Tools\Binn\;C:\Program Files\Microsoft SQL Server\160\Tools\Binn\;C:\Program Files\Microsoft SQL Server\Client SDK\ODBC\170\Tools\Binn\;C:\Program Files\Microsoft SQL Server\160\DTS\Binn\;C:\Program Files\Microsoft SQL Server\150\Tools\Binn\;C:\Program Files\Tailscale\;C:\Program Files\MySQL\MySQL Shell 8.0\bin\;C:\Users\omera\AppData\Local\Microsoft\WindowsApps;C:\Users\omera\AppData\Local\Programs\Microsoft VS Code\bin;C:\Users\omera\AppData\Local\GitHubDesktop\bin;C:\Users\omera\AppData\Local\Programs\Microsoft VS Code Insiders\bin;C:\src\flutter\bin;C:\Users\omera\.dotnet\tools;C:\tools\dart-sdk\bin;C:\Users\omera\AppData\Roaming\Pub\Cache\bin;C:\src\flutter3.7.0\bin;C:\src\flutter3.3.10\bin;C:\Users\omera\AppData\Local\Android\Sdk\platform-tools;C:\Users\omera\AppData\Local\Microsoft\WinGet\Links;C:\Users\omera\AppData\Roaming\Python\Python312\Scripts;C:\Users\All Users\miniconda3;C:\Users\All Users\miniconda3\Scripts;C:\Users\omera\AppData\Roaming\npm;C:\intelFPGA_lite\24.1std\questa_fse\win64
USERNAME=omera
OS=Windows_NT
PROCESSOR_IDENTIFIER=AMD64 Family 25 Model 80 Stepping 0, AuthenticAMD
TMP=C:\Users\omera\AppData\Local\Temp
TEMP=C:\Users\omera\AppData\Local\Temp




Periodic native trim disabled

---------------  S Y S T E M  ---------------

OS:
 Windows 11 , 64 bit Build 22621 (10.0.22621.5415)
OS uptime: 6 days 0:27 hours
Hyper-V role detected

CPU: total 12 (initial active 12) (12 cores per cpu, 2 threads per core) family 25 model 80 stepping 0 microcode 0x0, cx8, cmov, fxsr, ht, mmx, 3dnowpref, sse, sse2, sse3, ssse3, sse4a, sse4.1, sse4.2, popcnt, lzcnt, tsc, tscinvbit, avx, avx2, aes, erms, clmul, bmi1, bmi2, adx, sha, fma, vzeroupper, clflush, clflushopt, hv, rdtscp, rdpid, fsrm, f16c, cet_ss
Processor Information for the first 12 processors :
  Max Mhz: 3301, Current Mhz: 3301, Mhz Limit: 3301

Memory: 4k page, system-wide physical 15711M (411M free)
TotalPageFile size 55711M (AvailPageFile size 77M)
current process WorkingSet (physical memory assigned to process): 15M, peak: 291M
current process commit charge ("private bytes"): 448M, peak: 466M

vm_info: OpenJDK 64-Bit Server VM (21.0.10+7-LTS) for windows-amd64 JRE (21.0.10+7-LTS), built on 2026-01-20T00:00:00Z by "admin" with MS VC++ 17.12 (VS2022)

END.
